<?xml version="1.0" encoding="ISO-8859-1" ?>
<link_info>
   <banner>MSP430 Linker PC v18.1.2.LTS</banner>
   <copyright>Copyright (c) 2003-2017 Texas Instruments Incorporated</copyright>
   <link_time>0x5b57579c</link_time>
   <link_errors>0x0</link_errors>
   <output_file>wurx_lora.out</output_file>
   <entry_point>
      <name>_c_int00_noargs_mpu</name>
      <address>0x4ab0</address>
   </entry_point>
   <input_file_list>
      <input_file id="fl-2">
         <path>.\</path>
         <kind>object</kind>
         <file>main.obj</file>
         <name>main.obj</name>
      </input_file>
      <input_file id="fl-3">
         <path>.\event\</path>
         <kind>object</kind>
         <file>event.obj</file>
         <name>event.obj</name>
      </input_file>
      <input_file id="fl-4">
         <path>.\intern_temp_sensor\</path>
         <kind>object</kind>
         <file>intern_temp_sensor.obj</file>
         <name>intern_temp_sensor.obj</name>
      </input_file>
      <input_file id="fl-5">
         <path>.\misc\</path>
         <kind>object</kind>
         <file>misc.obj</file>
         <name>misc.obj</name>
      </input_file>
      <input_file id="fl-6">
         <path>.\spi\</path>
         <kind>object</kind>
         <file>spi.obj</file>
         <name>spi.obj</name>
      </input_file>
      <input_file id="fl-7">
         <path>.\sx1276\</path>
         <kind>object</kind>
         <file>sx1276_driver.obj</file>
         <name>sx1276_driver.obj</name>
      </input_file>
      <input_file id="fl-8">
         <path>.\timers\</path>
         <kind>object</kind>
         <file>timers.obj</file>
         <name>timers.obj</name>
      </input_file>
      <input_file id="fl-9">
         <path>.\uart\</path>
         <kind>object</kind>
         <file>uart.obj</file>
         <name>uart.obj</name>
      </input_file>
      <input_file id="fl-10">
         <kind>object</kind>
         <file>&lt;internal&gt;</file>
         <name>&lt;internal&gt;</name>
      </input_file>
      <input_file id="fl-30">
         <path>C:\ti\ccs810\ccsv8\tools\compiler\ti-cgt-msp430_18.1.2.LTS\lib\</path>
         <kind>archive</kind>
         <file>rts430x_lc_rd_eabi.lib</file>
         <name>copy_decompress_lzss.c.obj</name>
      </input_file>
      <input_file id="fl-31">
         <path>C:\ti\ccs810\ccsv8\tools\compiler\ti-cgt-msp430_18.1.2.LTS\lib\</path>
         <kind>archive</kind>
         <file>rts430x_lc_rd_eabi.lib</file>
         <name>copy_decompress_none.c.obj</name>
      </input_file>
      <input_file id="fl-32">
         <path>C:\ti\ccs810\ccsv8\tools\compiler\ti-cgt-msp430_18.1.2.LTS\lib\</path>
         <kind>archive</kind>
         <file>rts430x_lc_rd_eabi.lib</file>
         <name>int30.asm.obj</name>
      </input_file>
      <input_file id="fl-33">
         <path>C:\ti\ccs810\ccsv8\tools\compiler\ti-cgt-msp430_18.1.2.LTS\lib\</path>
         <kind>archive</kind>
         <file>rts430x_lc_rd_eabi.lib</file>
         <name>isr_trap.asm.obj</name>
      </input_file>
      <input_file id="fl-34">
         <path>C:\ti\ccs810\ccsv8\tools\compiler\ti-cgt-msp430_18.1.2.LTS\lib\</path>
         <kind>archive</kind>
         <file>rts430x_lc_rd_eabi.lib</file>
         <name>int31.asm.obj</name>
      </input_file>
      <input_file id="fl-35">
         <path>C:\ti\ccs810\ccsv8\tools\compiler\ti-cgt-msp430_18.1.2.LTS\lib\</path>
         <kind>archive</kind>
         <file>rts430x_lc_rd_eabi.lib</file>
         <name>int33.asm.obj</name>
      </input_file>
      <input_file id="fl-36">
         <path>C:\ti\ccs810\ccsv8\tools\compiler\ti-cgt-msp430_18.1.2.LTS\lib\</path>
         <kind>archive</kind>
         <file>rts430x_lc_rd_eabi.lib</file>
         <name>int34.asm.obj</name>
      </input_file>
      <input_file id="fl-37">
         <path>C:\ti\ccs810\ccsv8\tools\compiler\ti-cgt-msp430_18.1.2.LTS\lib\</path>
         <kind>archive</kind>
         <file>rts430x_lc_rd_eabi.lib</file>
         <name>int35.asm.obj</name>
      </input_file>
      <input_file id="fl-38">
         <path>C:\ti\ccs810\ccsv8\tools\compiler\ti-cgt-msp430_18.1.2.LTS\lib\</path>
         <kind>archive</kind>
         <file>rts430x_lc_rd_eabi.lib</file>
         <name>int36.asm.obj</name>
      </input_file>
      <input_file id="fl-39">
         <path>C:\ti\ccs810\ccsv8\tools\compiler\ti-cgt-msp430_18.1.2.LTS\lib\</path>
         <kind>archive</kind>
         <file>rts430x_lc_rd_eabi.lib</file>
         <name>int37.asm.obj</name>
      </input_file>
      <input_file id="fl-3a">
         <path>C:\ti\ccs810\ccsv8\tools\compiler\ti-cgt-msp430_18.1.2.LTS\lib\</path>
         <kind>archive</kind>
         <file>rts430x_lc_rd_eabi.lib</file>
         <name>int38.asm.obj</name>
      </input_file>
      <input_file id="fl-3b">
         <path>C:\ti\ccs810\ccsv8\tools\compiler\ti-cgt-msp430_18.1.2.LTS\lib\</path>
         <kind>archive</kind>
         <file>rts430x_lc_rd_eabi.lib</file>
         <name>int40.asm.obj</name>
      </input_file>
      <input_file id="fl-3c">
         <path>C:\ti\ccs810\ccsv8\tools\compiler\ti-cgt-msp430_18.1.2.LTS\lib\</path>
         <kind>archive</kind>
         <file>rts430x_lc_rd_eabi.lib</file>
         <name>int41.asm.obj</name>
      </input_file>
      <input_file id="fl-3d">
         <path>C:\ti\ccs810\ccsv8\tools\compiler\ti-cgt-msp430_18.1.2.LTS\lib\</path>
         <kind>archive</kind>
         <file>rts430x_lc_rd_eabi.lib</file>
         <name>int42.asm.obj</name>
      </input_file>
      <input_file id="fl-3e">
         <path>C:\ti\ccs810\ccsv8\tools\compiler\ti-cgt-msp430_18.1.2.LTS\lib\</path>
         <kind>archive</kind>
         <file>rts430x_lc_rd_eabi.lib</file>
         <name>int43.asm.obj</name>
      </input_file>
      <input_file id="fl-3f">
         <path>C:\ti\ccs810\ccsv8\tools\compiler\ti-cgt-msp430_18.1.2.LTS\lib\</path>
         <kind>archive</kind>
         <file>rts430x_lc_rd_eabi.lib</file>
         <name>int45.asm.obj</name>
      </input_file>
      <input_file id="fl-40">
         <path>C:\ti\ccs810\ccsv8\tools\compiler\ti-cgt-msp430_18.1.2.LTS\lib\</path>
         <kind>archive</kind>
         <file>rts430x_lc_rd_eabi.lib</file>
         <name>int47.asm.obj</name>
      </input_file>
      <input_file id="fl-41">
         <path>C:\ti\ccs810\ccsv8\tools\compiler\ti-cgt-msp430_18.1.2.LTS\lib\</path>
         <kind>archive</kind>
         <file>rts430x_lc_rd_eabi.lib</file>
         <name>int48.asm.obj</name>
      </input_file>
      <input_file id="fl-42">
         <path>C:\ti\ccs810\ccsv8\tools\compiler\ti-cgt-msp430_18.1.2.LTS\lib\</path>
         <kind>archive</kind>
         <file>rts430x_lc_rd_eabi.lib</file>
         <name>int49.asm.obj</name>
      </input_file>
      <input_file id="fl-43">
         <path>C:\ti\ccs810\ccsv8\tools\compiler\ti-cgt-msp430_18.1.2.LTS\lib\</path>
         <kind>archive</kind>
         <file>rts430x_lc_rd_eabi.lib</file>
         <name>int52.asm.obj</name>
      </input_file>
      <input_file id="fl-44">
         <path>C:\ti\ccs810\ccsv8\tools\compiler\ti-cgt-msp430_18.1.2.LTS\lib\</path>
         <kind>archive</kind>
         <file>rts430x_lc_rd_eabi.lib</file>
         <name>int53.asm.obj</name>
      </input_file>
      <input_file id="fl-45">
         <path>C:\ti\ccs810\ccsv8\tools\compiler\ti-cgt-msp430_18.1.2.LTS\lib\</path>
         <kind>archive</kind>
         <file>rts430x_lc_rd_eabi.lib</file>
         <name>int54.asm.obj</name>
      </input_file>
      <input_file id="fl-46">
         <path>C:\ti\ccs810\ccsv8\tools\compiler\ti-cgt-msp430_18.1.2.LTS\lib\</path>
         <kind>archive</kind>
         <file>rts430x_lc_rd_eabi.lib</file>
         <name>copy_zero_init.c.obj</name>
      </input_file>
      <input_file id="fl-47">
         <path>C:\ti\ccs810\ccsv8\tools\compiler\ti-cgt-msp430_18.1.2.LTS\lib\</path>
         <kind>archive</kind>
         <file>rts430x_lc_rd_eabi.lib</file>
         <name>addd.c.obj</name>
      </input_file>
      <input_file id="fl-48">
         <path>C:\ti\ccs810\ccsv8\tools\compiler\ti-cgt-msp430_18.1.2.LTS\lib\</path>
         <kind>archive</kind>
         <file>rts430x_lc_rd_eabi.lib</file>
         <name>frcaddd.c.obj</name>
      </input_file>
      <input_file id="fl-49">
         <path>C:\ti\ccs810\ccsv8\tools\compiler\ti-cgt-msp430_18.1.2.LTS\lib\</path>
         <kind>archive</kind>
         <file>rts430x_lc_rd_eabi.lib</file>
         <name>renormd.c.obj</name>
      </input_file>
      <input_file id="fl-4a">
         <path>C:\ti\ccs810\ccsv8\tools\compiler\ti-cgt-msp430_18.1.2.LTS\lib\</path>
         <kind>archive</kind>
         <file>rts430x_lc_rd_eabi.lib</file>
         <name>fs_add.asm.obj</name>
      </input_file>
      <input_file id="fl-4b">
         <path>C:\ti\ccs810\ccsv8\tools\compiler\ti-cgt-msp430_18.1.2.LTS\lib\</path>
         <kind>archive</kind>
         <file>rts430x_lc_rd_eabi.lib</file>
         <name>divd.c.obj</name>
      </input_file>
      <input_file id="fl-4c">
         <path>C:\ti\ccs810\ccsv8\tools\compiler\ti-cgt-msp430_18.1.2.LTS\lib\</path>
         <kind>archive</kind>
         <file>rts430x_lc_rd_eabi.lib</file>
         <name>frcdivd.c.obj</name>
      </input_file>
      <input_file id="fl-4d">
         <path>C:\ti\ccs810\ccsv8\tools\compiler\ti-cgt-msp430_18.1.2.LTS\lib\</path>
         <kind>archive</kind>
         <file>rts430x_lc_rd_eabi.lib</file>
         <name>fs_div.asm.obj</name>
      </input_file>
      <input_file id="fl-4e">
         <path>C:\ti\ccs810\ccsv8\tools\compiler\ti-cgt-msp430_18.1.2.LTS\lib\</path>
         <kind>archive</kind>
         <file>rts430x_lc_rd_eabi.lib</file>
         <name>div16s.asm.obj</name>
      </input_file>
      <input_file id="fl-4f">
         <path>C:\ti\ccs810\ccsv8\tools\compiler\ti-cgt-msp430_18.1.2.LTS\lib\</path>
         <kind>archive</kind>
         <file>rts430x_lc_rd_eabi.lib</file>
         <name>div16u.asm.obj</name>
      </input_file>
      <input_file id="fl-50">
         <path>C:\ti\ccs810\ccsv8\tools\compiler\ti-cgt-msp430_18.1.2.LTS\lib\</path>
         <kind>archive</kind>
         <file>rts430x_lc_rd_eabi.lib</file>
         <name>fixdu.c.obj</name>
      </input_file>
      <input_file id="fl-51">
         <path>C:\ti\ccs810\ccsv8\tools\compiler\ti-cgt-msp430_18.1.2.LTS\lib\</path>
         <kind>archive</kind>
         <file>rts430x_lc_rd_eabi.lib</file>
         <name>fixdul.c.obj</name>
      </input_file>
      <input_file id="fl-52">
         <path>C:\ti\ccs810\ccsv8\tools\compiler\ti-cgt-msp430_18.1.2.LTS\lib\</path>
         <kind>archive</kind>
         <file>rts430x_lc_rd_eabi.lib</file>
         <name>fs_toi.asm.obj</name>
      </input_file>
      <input_file id="fl-53">
         <path>C:\ti\ccs810\ccsv8\tools\compiler\ti-cgt-msp430_18.1.2.LTS\lib\</path>
         <kind>archive</kind>
         <file>rts430x_lc_rd_eabi.lib</file>
         <name>fs_itof.asm.obj</name>
      </input_file>
      <input_file id="fl-54">
         <path>C:\ti\ccs810\ccsv8\tools\compiler\ti-cgt-msp430_18.1.2.LTS\lib\</path>
         <kind>archive</kind>
         <file>rts430x_lc_rd_eabi.lib</file>
         <name>fs_utof.asm.obj</name>
      </input_file>
      <input_file id="fl-55">
         <path>C:\ti\ccs810\ccsv8\tools\compiler\ti-cgt-msp430_18.1.2.LTS\lib\</path>
         <kind>archive</kind>
         <file>rts430x_lc_rd_eabi.lib</file>
         <name>fltuld.c.obj</name>
      </input_file>
      <input_file id="fl-56">
         <path>C:\ti\ccs810\ccsv8\tools\compiler\ti-cgt-msp430_18.1.2.LTS\lib\</path>
         <kind>archive</kind>
         <file>rts430x_lc_rd_eabi.lib</file>
         <name>mpyd.c.obj</name>
      </input_file>
      <input_file id="fl-57">
         <path>C:\ti\ccs810\ccsv8\tools\compiler\ti-cgt-msp430_18.1.2.LTS\lib\</path>
         <kind>archive</kind>
         <file>rts430x_lc_rd_eabi.lib</file>
         <name>frcmpyd.c.obj</name>
      </input_file>
      <input_file id="fl-58">
         <path>C:\ti\ccs810\ccsv8\tools\compiler\ti-cgt-msp430_18.1.2.LTS\lib\</path>
         <kind>archive</kind>
         <file>rts430x_lc_rd_eabi.lib</file>
         <name>fs_mpy.asm.obj</name>
      </input_file>
      <input_file id="fl-59">
         <path>C:\ti\ccs810\ccsv8\tools\compiler\ti-cgt-msp430_18.1.2.LTS\lib\</path>
         <kind>archive</kind>
         <file>rts430x_lc_rd_eabi.lib</file>
         <name>mult16.asm.obj</name>
      </input_file>
      <input_file id="fl-5a">
         <path>C:\ti\ccs810\ccsv8\tools\compiler\ti-cgt-msp430_18.1.2.LTS\lib\</path>
         <kind>archive</kind>
         <file>rts430x_lc_rd_eabi.lib</file>
         <name>mult16_f5hw.asm.obj</name>
      </input_file>
      <input_file id="fl-5b">
         <path>C:\ti\ccs810\ccsv8\tools\compiler\ti-cgt-msp430_18.1.2.LTS\lib\</path>
         <kind>archive</kind>
         <file>rts430x_lc_rd_eabi.lib</file>
         <name>mult32.asm.obj</name>
      </input_file>
      <input_file id="fl-5c">
         <path>C:\ti\ccs810\ccsv8\tools\compiler\ti-cgt-msp430_18.1.2.LTS\lib\</path>
         <kind>archive</kind>
         <file>rts430x_lc_rd_eabi.lib</file>
         <name>mult32_f5hw.asm.obj</name>
      </input_file>
      <input_file id="fl-5d">
         <path>C:\ti\ccs810\ccsv8\tools\compiler\ti-cgt-msp430_18.1.2.LTS\lib\</path>
         <kind>archive</kind>
         <file>rts430x_lc_rd_eabi.lib</file>
         <name>mult64_f5hw.asm.obj</name>
      </input_file>
      <input_file id="fl-5e">
         <path>C:\ti\ccs810\ccsv8\tools\compiler\ti-cgt-msp430_18.1.2.LTS\lib\</path>
         <kind>archive</kind>
         <file>rts430x_lc_rd_eabi.lib</file>
         <name>mult1632_f5hw.asm.obj</name>
      </input_file>
      <input_file id="fl-5f">
         <path>C:\ti\ccs810\ccsv8\tools\compiler\ti-cgt-msp430_18.1.2.LTS\lib\</path>
         <kind>archive</kind>
         <file>rts430x_lc_rd_eabi.lib</file>
         <name>mult3264_f5hw.asm.obj</name>
      </input_file>
      <input_file id="fl-60">
         <path>C:\ti\ccs810\ccsv8\tools\compiler\ti-cgt-msp430_18.1.2.LTS\lib\</path>
         <kind>archive</kind>
         <file>rts430x_lc_rd_eabi.lib</file>
         <name>lsl32.asm.obj</name>
      </input_file>
      <input_file id="fl-61">
         <path>C:\ti\ccs810\ccsv8\tools\compiler\ti-cgt-msp430_18.1.2.LTS\lib\</path>
         <kind>archive</kind>
         <file>rts430x_lc_rd_eabi.lib</file>
         <name>asr32.asm.obj</name>
      </input_file>
      <input_file id="fl-62">
         <path>C:\ti\ccs810\ccsv8\tools\compiler\ti-cgt-msp430_18.1.2.LTS\lib\</path>
         <kind>archive</kind>
         <file>rts430x_lc_rd_eabi.lib</file>
         <name>lsr32.asm.obj</name>
      </input_file>
      <input_file id="fl-63">
         <path>C:\ti\ccs810\ccsv8\tools\compiler\ti-cgt-msp430_18.1.2.LTS\lib\</path>
         <kind>archive</kind>
         <file>rts430x_lc_rd_eabi.lib</file>
         <name>lsr64.c.obj</name>
      </input_file>
      <input_file id="fl-64">
         <path>C:\ti\ccs810\ccsv8\tools\compiler\ti-cgt-msp430_18.1.2.LTS\lib\</path>
         <kind>archive</kind>
         <file>rts430x_lc_rd_eabi.lib</file>
         <name>boot.c.obj</name>
      </input_file>
      <input_file id="fl-65">
         <path>C:\ti\ccs810\ccsv8\ccs_base\msp430\lib\FR59xx\</path>
         <kind>archive</kind>
         <file>MSPMPU_INIT_LIB_CCS_msp430_large_code_restricted_data.lib</file>
         <name>mpu_init.o</name>
      </input_file>
      <input_file id="fl-66">
         <path>C:\ti\ccs810\ccsv8\tools\compiler\ti-cgt-msp430_18.1.2.LTS\lib\</path>
         <kind>archive</kind>
         <file>rts430x_lc_rd_eabi.lib</file>
         <name>args_main.c.obj</name>
      </input_file>
      <input_file id="fl-67">
         <path>C:\ti\ccs810\ccsv8\tools\compiler\ti-cgt-msp430_18.1.2.LTS\lib\</path>
         <kind>archive</kind>
         <file>rts430x_lc_rd_eabi.lib</file>
         <name>autoinit.c.obj</name>
      </input_file>
      <input_file id="fl-68">
         <path>C:\ti\ccs810\ccsv8\tools\compiler\ti-cgt-msp430_18.1.2.LTS\lib\</path>
         <kind>archive</kind>
         <file>rts430x_lc_rd_eabi.lib</file>
         <name>defs.c.obj</name>
      </input_file>
      <input_file id="fl-69">
         <path>C:\ti\ccs810\ccsv8\tools\compiler\ti-cgt-msp430_18.1.2.LTS\lib\</path>
         <kind>archive</kind>
         <file>rts430x_lc_rd_eabi.lib</file>
         <name>startup.c.obj</name>
      </input_file>
      <input_file id="fl-6a">
         <path>C:\ti\ccs810\ccsv8\tools\compiler\ti-cgt-msp430_18.1.2.LTS\lib\</path>
         <kind>archive</kind>
         <file>rts430x_lc_rd_eabi.lib</file>
         <name>pre_init.c.obj</name>
      </input_file>
      <input_file id="fl-6b">
         <path>C:\ti\ccs810\ccsv8\tools\compiler\ti-cgt-msp430_18.1.2.LTS\lib\</path>
         <kind>archive</kind>
         <file>rts430x_lc_rd_eabi.lib</file>
         <name>cpy_tbl.c.obj</name>
      </input_file>
      <input_file id="fl-6c">
         <path>C:\ti\ccs810\ccsv8\tools\compiler\ti-cgt-msp430_18.1.2.LTS\lib\</path>
         <kind>archive</kind>
         <file>rts430x_lc_rd_eabi.lib</file>
         <name>exit.c.obj</name>
      </input_file>
      <input_file id="fl-6d">
         <path>C:\ti\ccs810\ccsv8\tools\compiler\ti-cgt-msp430_18.1.2.LTS\lib\</path>
         <kind>archive</kind>
         <file>rts430x_lc_rd_eabi.lib</file>
         <name>exit_gvars.c.obj</name>
      </input_file>
      <input_file id="fl-6e">
         <path>C:\ti\ccs810\ccsv8\tools\compiler\ti-cgt-msp430_18.1.2.LTS\lib\</path>
         <kind>archive</kind>
         <file>rts430x_lc_rd_eabi.lib</file>
         <name>_lock.c.obj</name>
      </input_file>
      <input_file id="fl-6f">
         <path>C:\ti\ccs810\ccsv8\tools\compiler\ti-cgt-msp430_18.1.2.LTS\lib\</path>
         <kind>archive</kind>
         <file>rts430x_lc_rd_eabi.lib</file>
         <name>fflush.c.obj</name>
      </input_file>
      <input_file id="fl-70">
         <path>C:\ti\ccs810\ccsv8\tools\compiler\ti-cgt-msp430_18.1.2.LTS\lib\</path>
         <kind>archive</kind>
         <file>rts430x_lc_rd_eabi.lib</file>
         <name>memcpy.c.obj</name>
      </input_file>
      <input_file id="fl-71">
         <path>C:\ti\ccs810\ccsv8\tools\compiler\ti-cgt-msp430_18.1.2.LTS\lib\</path>
         <kind>archive</kind>
         <file>rts430x_lc_rd_eabi.lib</file>
         <name>printf.c.obj</name>
      </input_file>
      <input_file id="fl-72">
         <path>C:\ti\ccs810\ccsv8\tools\compiler\ti-cgt-msp430_18.1.2.LTS\lib\</path>
         <kind>archive</kind>
         <file>rts430x_lc_rd_eabi.lib</file>
         <name>_printfi.c.obj</name>
      </input_file>
      <input_file id="fl-73">
         <path>C:\ti\ccs810\ccsv8\tools\compiler\ti-cgt-msp430_18.1.2.LTS\lib\</path>
         <kind>archive</kind>
         <file>rts430x_lc_rd_eabi.lib</file>
         <name>cmpd.c.obj</name>
      </input_file>
      <input_file id="fl-74">
         <path>C:\ti\ccs810\ccsv8\tools\compiler\ti-cgt-msp430_18.1.2.LTS\lib\</path>
         <kind>archive</kind>
         <file>rts430x_lc_rd_eabi.lib</file>
         <name>div32u.asm.obj</name>
      </input_file>
      <input_file id="fl-75">
         <path>C:\ti\ccs810\ccsv8\tools\compiler\ti-cgt-msp430_18.1.2.LTS\lib\</path>
         <kind>archive</kind>
         <file>rts430x_lc_rd_eabi.lib</file>
         <name>div64u.c.obj</name>
      </input_file>
      <input_file id="fl-76">
         <path>C:\ti\ccs810\ccsv8\tools\compiler\ti-cgt-msp430_18.1.2.LTS\lib\</path>
         <kind>archive</kind>
         <file>rts430x_lc_rd_eabi.lib</file>
         <name>fixdi.c.obj</name>
      </input_file>
      <input_file id="fl-77">
         <path>C:\ti\ccs810\ccsv8\tools\compiler\ti-cgt-msp430_18.1.2.LTS\lib\</path>
         <kind>archive</kind>
         <file>rts430x_lc_rd_eabi.lib</file>
         <name>fixdli.c.obj</name>
      </input_file>
      <input_file id="fl-78">
         <path>C:\ti\ccs810\ccsv8\tools\compiler\ti-cgt-msp430_18.1.2.LTS\lib\</path>
         <kind>archive</kind>
         <file>rts430x_lc_rd_eabi.lib</file>
         <name>fltid.c.obj</name>
      </input_file>
      <input_file id="fl-79">
         <path>C:\ti\ccs810\ccsv8\tools\compiler\ti-cgt-msp430_18.1.2.LTS\lib\</path>
         <kind>archive</kind>
         <file>rts430x_lc_rd_eabi.lib</file>
         <name>fltlid.c.obj</name>
      </input_file>
      <input_file id="fl-7a">
         <path>C:\ti\ccs810\ccsv8\tools\compiler\ti-cgt-msp430_18.1.2.LTS\lib\</path>
         <kind>archive</kind>
         <file>rts430x_lc_rd_eabi.lib</file>
         <name>negd.c.obj</name>
      </input_file>
      <input_file id="fl-7b">
         <path>C:\ti\ccs810\ccsv8\tools\compiler\ti-cgt-msp430_18.1.2.LTS\lib\</path>
         <kind>archive</kind>
         <file>rts430x_lc_rd_eabi.lib</file>
         <name>lsl64.c.obj</name>
      </input_file>
      <input_file id="fl-7c">
         <path>C:\ti\ccs810\ccsv8\tools\compiler\ti-cgt-msp430_18.1.2.LTS\lib\</path>
         <kind>archive</kind>
         <file>rts430x_lc_rd_eabi.lib</file>
         <name>subd.c.obj</name>
      </input_file>
      <input_file id="fl-7d">
         <path>C:\ti\ccs810\ccsv8\tools\compiler\ti-cgt-msp430_18.1.2.LTS\lib\</path>
         <kind>archive</kind>
         <file>rts430x_lc_rd_eabi.lib</file>
         <name>abs.c.obj</name>
      </input_file>
      <input_file id="fl-7e">
         <path>C:\ti\ccs810\ccsv8\tools\compiler\ti-cgt-msp430_18.1.2.LTS\lib\</path>
         <kind>archive</kind>
         <file>rts430x_lc_rd_eabi.lib</file>
         <name>atoi.c.obj</name>
      </input_file>
      <input_file id="fl-7f">
         <path>C:\ti\ccs810\ccsv8\tools\compiler\ti-cgt-msp430_18.1.2.LTS\lib\</path>
         <kind>archive</kind>
         <file>rts430x_lc_rd_eabi.lib</file>
         <name>ctype.c.obj</name>
      </input_file>
      <input_file id="fl-80">
         <path>C:\ti\ccs810\ccsv8\tools\compiler\ti-cgt-msp430_18.1.2.LTS\lib\</path>
         <kind>archive</kind>
         <file>rts430x_lc_rd_eabi.lib</file>
         <name>errno.c.obj</name>
      </input_file>
      <input_file id="fl-81">
         <path>C:\ti\ccs810\ccsv8\tools\compiler\ti-cgt-msp430_18.1.2.LTS\lib\</path>
         <kind>archive</kind>
         <file>rts430x_lc_rd_eabi.lib</file>
         <name>fputc.c.obj</name>
      </input_file>
      <input_file id="fl-82">
         <path>C:\ti\ccs810\ccsv8\tools\compiler\ti-cgt-msp430_18.1.2.LTS\lib\</path>
         <kind>archive</kind>
         <file>rts430x_lc_rd_eabi.lib</file>
         <name>_io_perm.c.obj</name>
      </input_file>
      <input_file id="fl-83">
         <path>C:\ti\ccs810\ccsv8\tools\compiler\ti-cgt-msp430_18.1.2.LTS\lib\</path>
         <kind>archive</kind>
         <file>rts430x_lc_rd_eabi.lib</file>
         <name>fputs.c.obj</name>
      </input_file>
      <input_file id="fl-84">
         <path>C:\ti\ccs810\ccsv8\tools\compiler\ti-cgt-msp430_18.1.2.LTS\lib\</path>
         <kind>archive</kind>
         <file>rts430x_lc_rd_eabi.lib</file>
         <name>s_frexp.c.obj</name>
      </input_file>
      <input_file id="fl-85">
         <path>C:\ti\ccs810\ccsv8\tools\compiler\ti-cgt-msp430_18.1.2.LTS\lib\</path>
         <kind>archive</kind>
         <file>rts430x_lc_rd_eabi.lib</file>
         <name>fseek.c.obj</name>
      </input_file>
      <input_file id="fl-86">
         <path>C:\ti\ccs810\ccsv8\tools\compiler\ti-cgt-msp430_18.1.2.LTS\lib\</path>
         <kind>archive</kind>
         <file>rts430x_lc_rd_eabi.lib</file>
         <name>s_scalbn.c.obj</name>
      </input_file>
      <input_file id="fl-87">
         <path>C:\ti\ccs810\ccsv8\tools\compiler\ti-cgt-msp430_18.1.2.LTS\lib\</path>
         <kind>archive</kind>
         <file>rts430x_lc_rd_eabi.lib</file>
         <name>s_copysign.c.obj</name>
      </input_file>
      <input_file id="fl-88">
         <path>C:\ti\ccs810\ccsv8\tools\compiler\ti-cgt-msp430_18.1.2.LTS\lib\</path>
         <kind>archive</kind>
         <file>rts430x_lc_rd_eabi.lib</file>
         <name>lseek.c.obj</name>
      </input_file>
      <input_file id="fl-89">
         <path>C:\ti\ccs810\ccsv8\tools\compiler\ti-cgt-msp430_18.1.2.LTS\lib\</path>
         <kind>archive</kind>
         <file>rts430x_lc_rd_eabi.lib</file>
         <name>write.c.obj</name>
      </input_file>
      <input_file id="fl-8a">
         <path>C:\ti\ccs810\ccsv8\tools\compiler\ti-cgt-msp430_18.1.2.LTS\lib\</path>
         <kind>archive</kind>
         <file>rts430x_lc_rd_eabi.lib</file>
         <name>hostclose.c.obj</name>
      </input_file>
      <input_file id="fl-8b">
         <path>C:\ti\ccs810\ccsv8\tools\compiler\ti-cgt-msp430_18.1.2.LTS\lib\</path>
         <kind>archive</kind>
         <file>rts430x_lc_rd_eabi.lib</file>
         <name>hostlseek.c.obj</name>
      </input_file>
      <input_file id="fl-8c">
         <path>C:\ti\ccs810\ccsv8\tools\compiler\ti-cgt-msp430_18.1.2.LTS\lib\</path>
         <kind>archive</kind>
         <file>rts430x_lc_rd_eabi.lib</file>
         <name>hostopen.c.obj</name>
      </input_file>
      <input_file id="fl-8d">
         <path>C:\ti\ccs810\ccsv8\tools\compiler\ti-cgt-msp430_18.1.2.LTS\lib\</path>
         <kind>archive</kind>
         <file>rts430x_lc_rd_eabi.lib</file>
         <name>hostread.c.obj</name>
      </input_file>
      <input_file id="fl-8e">
         <path>C:\ti\ccs810\ccsv8\tools\compiler\ti-cgt-msp430_18.1.2.LTS\lib\</path>
         <kind>archive</kind>
         <file>rts430x_lc_rd_eabi.lib</file>
         <name>hostrename.c.obj</name>
      </input_file>
      <input_file id="fl-8f">
         <path>C:\ti\ccs810\ccsv8\tools\compiler\ti-cgt-msp430_18.1.2.LTS\lib\</path>
         <kind>archive</kind>
         <file>rts430x_lc_rd_eabi.lib</file>
         <name>hostunlink.c.obj</name>
      </input_file>
      <input_file id="fl-90">
         <path>C:\ti\ccs810\ccsv8\tools\compiler\ti-cgt-msp430_18.1.2.LTS\lib\</path>
         <kind>archive</kind>
         <file>rts430x_lc_rd_eabi.lib</file>
         <name>hostwrite.c.obj</name>
      </input_file>
      <input_file id="fl-91">
         <path>C:\ti\ccs810\ccsv8\tools\compiler\ti-cgt-msp430_18.1.2.LTS\lib\</path>
         <kind>archive</kind>
         <file>rts430x_lc_rd_eabi.lib</file>
         <name>trgmsg.c.obj</name>
      </input_file>
      <input_file id="fl-92">
         <path>C:\ti\ccs810\ccsv8\tools\compiler\ti-cgt-msp430_18.1.2.LTS\lib\</path>
         <kind>archive</kind>
         <file>rts430x_lc_rd_eabi.lib</file>
         <name>ltoa.c.obj</name>
      </input_file>
      <input_file id="fl-93">
         <path>C:\ti\ccs810\ccsv8\tools\compiler\ti-cgt-msp430_18.1.2.LTS\lib\</path>
         <kind>archive</kind>
         <file>rts430x_lc_rd_eabi.lib</file>
         <name>div32s.asm.obj</name>
      </input_file>
      <input_file id="fl-94">
         <path>C:\ti\ccs810\ccsv8\tools\compiler\ti-cgt-msp430_18.1.2.LTS\lib\</path>
         <kind>archive</kind>
         <file>rts430x_lc_rd_eabi.lib</file>
         <name>memccpy.c.obj</name>
      </input_file>
      <input_file id="fl-95">
         <path>C:\ti\ccs810\ccsv8\tools\compiler\ti-cgt-msp430_18.1.2.LTS\lib\</path>
         <kind>archive</kind>
         <file>rts430x_lc_rd_eabi.lib</file>
         <name>memchr.c.obj</name>
      </input_file>
      <input_file id="fl-96">
         <path>C:\ti\ccs810\ccsv8\tools\compiler\ti-cgt-msp430_18.1.2.LTS\lib\</path>
         <kind>archive</kind>
         <file>rts430x_lc_rd_eabi.lib</file>
         <name>memset.c.obj</name>
      </input_file>
      <input_file id="fl-97">
         <path>C:\ti\ccs810\ccsv8\tools\compiler\ti-cgt-msp430_18.1.2.LTS\lib\</path>
         <kind>archive</kind>
         <file>rts430x_lc_rd_eabi.lib</file>
         <name>setvbuf.c.obj</name>
      </input_file>
      <input_file id="fl-98">
         <path>C:\ti\ccs810\ccsv8\tools\compiler\ti-cgt-msp430_18.1.2.LTS\lib\</path>
         <kind>archive</kind>
         <file>rts430x_lc_rd_eabi.lib</file>
         <name>fopen.c.obj</name>
      </input_file>
      <input_file id="fl-99">
         <path>C:\ti\ccs810\ccsv8\tools\compiler\ti-cgt-msp430_18.1.2.LTS\lib\</path>
         <kind>archive</kind>
         <file>rts430x_lc_rd_eabi.lib</file>
         <name>fclose.c.obj</name>
      </input_file>
      <input_file id="fl-9a">
         <path>C:\ti\ccs810\ccsv8\tools\compiler\ti-cgt-msp430_18.1.2.LTS\lib\</path>
         <kind>archive</kind>
         <file>rts430x_lc_rd_eabi.lib</file>
         <name>close.c.obj</name>
      </input_file>
      <input_file id="fl-9b">
         <path>C:\ti\ccs810\ccsv8\tools\compiler\ti-cgt-msp430_18.1.2.LTS\lib\</path>
         <kind>archive</kind>
         <file>rts430x_lc_rd_eabi.lib</file>
         <name>memory.c.obj</name>
      </input_file>
      <input_file id="fl-9c">
         <path>C:\ti\ccs810\ccsv8\tools\compiler\ti-cgt-msp430_18.1.2.LTS\lib\</path>
         <kind>archive</kind>
         <file>rts430x_lc_rd_eabi.lib</file>
         <name>open.c.obj</name>
      </input_file>
      <input_file id="fl-9d">
         <path>C:\ti\ccs810\ccsv8\tools\compiler\ti-cgt-msp430_18.1.2.LTS\lib\</path>
         <kind>archive</kind>
         <file>rts430x_lc_rd_eabi.lib</file>
         <name>getdevice.c.obj</name>
      </input_file>
      <input_file id="fl-9e">
         <path>C:\ti\ccs810\ccsv8\tools\compiler\ti-cgt-msp430_18.1.2.LTS\lib\</path>
         <kind>archive</kind>
         <file>rts430x_lc_rd_eabi.lib</file>
         <name>remove.c.obj</name>
      </input_file>
      <input_file id="fl-9f">
         <path>C:\ti\ccs810\ccsv8\tools\compiler\ti-cgt-msp430_18.1.2.LTS\lib\</path>
         <kind>archive</kind>
         <file>rts430x_lc_rd_eabi.lib</file>
         <name>rand.c.obj</name>
      </input_file>
      <input_file id="fl-a0">
         <path>C:\ti\ccs810\ccsv8\tools\compiler\ti-cgt-msp430_18.1.2.LTS\lib\</path>
         <kind>archive</kind>
         <file>rts430x_lc_rd_eabi.lib</file>
         <name>strchr.c.obj</name>
      </input_file>
      <input_file id="fl-a1">
         <path>C:\ti\ccs810\ccsv8\tools\compiler\ti-cgt-msp430_18.1.2.LTS\lib\</path>
         <kind>archive</kind>
         <file>rts430x_lc_rd_eabi.lib</file>
         <name>strcmp.c.obj</name>
      </input_file>
      <input_file id="fl-a2">
         <path>C:\ti\ccs810\ccsv8\tools\compiler\ti-cgt-msp430_18.1.2.LTS\lib\</path>
         <kind>archive</kind>
         <file>rts430x_lc_rd_eabi.lib</file>
         <name>strcpy.c.obj</name>
      </input_file>
      <input_file id="fl-a3">
         <path>C:\ti\ccs810\ccsv8\tools\compiler\ti-cgt-msp430_18.1.2.LTS\lib\</path>
         <kind>archive</kind>
         <file>rts430x_lc_rd_eabi.lib</file>
         <name>strlen.c.obj</name>
      </input_file>
      <input_file id="fl-a4">
         <path>C:\ti\ccs810\ccsv8\tools\compiler\ti-cgt-msp430_18.1.2.LTS\lib\</path>
         <kind>archive</kind>
         <file>rts430x_lc_rd_eabi.lib</file>
         <name>strncpy.c.obj</name>
      </input_file>
      <input_file id="fl-a5">
         <path>C:\ti\ccs810\ccsv8\tools\compiler\ti-cgt-msp430_18.1.2.LTS\lib\</path>
         <kind>archive</kind>
         <file>rts430x_lc_rd_eabi.lib</file>
         <name>toupper.c.obj</name>
      </input_file>
      <input_file id="fl-a6">
         <path>C:\ti\ccs810\ccsv8\tools\compiler\ti-cgt-msp430_18.1.2.LTS\lib\</path>
         <kind>archive</kind>
         <file>rts430x_lc_rd_eabi.lib</file>
         <name>unlink.c.obj</name>
      </input_file>
      <input_file id="fl-a7">
         <path>C:\ti\ccs810\ccsv8\tools\compiler\ti-cgt-msp430_18.1.2.LTS\lib\</path>
         <kind>archive</kind>
         <file>rts430x_lc_rd_eabi.lib</file>
         <name>wcslen.c.obj</name>
      </input_file>
   </input_file_list>
   <object_component_list>
      <object_component id="oc-9de">
         <name>.cio</name>
         <uninitialized>true</uninitialized>
         <run_address>0x4400</run_address>
         <size>0x120</size>
         <input_file_ref idref="fl-91"/>
      </object_component>
      <object_component id="oc-3c2">
         <name>.sysmem</name>
         <uninitialized>true</uninitialized>
         <run_address>0x4520</run_address>
         <size>0x6</size>
         <input_file_ref idref="fl-9b"/>
      </object_component>
      <object_component id="oc-aca">
         <name>.sysmem</name>
         <uninitialized>true</uninitialized>
         <run_address>0x4520</run_address>
         <size>0x0</size>
      </object_component>
      <object_component id="oc-ac8">
         <name>.cinit..data.load</name>
         <load_address>0x6190</load_address>
         <run_address>0x6190</run_address>
         <size>0x55</size>
      </object_component>
      <object_component id="oc-ac5">
         <name>__TI_handler_table</name>
         <load_address>0x61e6</load_address>
         <run_address>0x61e6</run_address>
         <size>0xc</size>
      </object_component>
      <object_component id="oc-ac7">
         <name>.cinit..bss.load</name>
         <load_address>0x61f2</load_address>
         <run_address>0x61f2</run_address>
         <size>0x6</size>
      </object_component>
      <object_component id="oc-ac6">
         <name>__TI_cinit_table</name>
         <load_address>0x61f8</load_address>
         <run_address>0x61f8</run_address>
         <size>0x10</size>
      </object_component>
      <object_component id="oc-7f9">
         <name>.const:.string:_ctypes_</name>
         <load_address>0x5fd8</load_address>
         <run_address>0x5fd8</run_address>
         <size>0x101</size>
         <input_file_ref idref="fl-7f"/>
      </object_component>
      <object_component id="oc-707">
         <name>.const:FskBandwidths</name>
         <load_address>0x60da</load_address>
         <run_address>0x60da</run_address>
         <size>0x84</size>
         <input_file_ref idref="fl-7"/>
      </object_component>
      <object_component id="oc-7a1">
         <name>.const:.string</name>
         <load_address>0x615e</load_address>
         <run_address>0x615e</run_address>
         <size>0x26</size>
         <input_file_ref idref="fl-72"/>
      </object_component>
      <object_component id="oc-5dc">
         <name>.const:.string</name>
         <load_address>0x6184</load_address>
         <run_address>0x6184</run_address>
         <size>0xa</size>
         <input_file_ref idref="fl-2"/>
      </object_component>
      <object_component id="oc-5b9">
         <name>.const:.string:$P$T0$1</name>
         <load_address>0x618e</load_address>
         <run_address>0x618e</run_address>
         <size>0x2</size>
         <input_file_ref idref="fl-2"/>
      </object_component>
      <object_component id="oc-3e8">
         <name>.text:_isr:rx_interrupt_handler</name>
         <load_address>0x4800</load_address>
         <run_address>0x4800</run_address>
         <size>0x1ea</size>
         <input_file_ref idref="fl-7"/>
      </object_component>
      <object_component id="oc-3fa">
         <name>.text:_isr:timerB1_isr</name>
         <load_address>0x49ea</load_address>
         <run_address>0x49ea</run_address>
         <size>0x7a</size>
         <input_file_ref idref="fl-8"/>
      </object_component>
      <object_component id="oc-3e2">
         <name>.text:_isr:sw1_interrupt_handler</name>
         <load_address>0x4a64</load_address>
         <run_address>0x4a64</run_address>
         <size>0x2a</size>
         <input_file_ref idref="fl-5"/>
      </object_component>
      <object_component id="oc-400">
         <name>.text:_isr:timerB0_isr</name>
         <load_address>0x4a8e</load_address>
         <run_address>0x4a8e</run_address>
         <size>0x22</size>
         <input_file_ref idref="fl-8"/>
      </object_component>
      <object_component id="oc-430">
         <name>.text:_isr:_c_int00_noargs_mpu</name>
         <load_address>0x4ab0</load_address>
         <run_address>0x4ab0</run_address>
         <size>0x20</size>
         <input_file_ref idref="fl-64"/>
      </object_component>
      <object_component id="oc-3ee">
         <name>.text:_isr:timerA1_isr</name>
         <load_address>0x4ad0</load_address>
         <run_address>0x4ad0</run_address>
         <size>0x1e</size>
         <input_file_ref idref="fl-8"/>
      </object_component>
      <object_component id="oc-3f4">
         <name>.text:_isr:ADC12ISR</name>
         <load_address>0x4aee</load_address>
         <run_address>0x4aee</run_address>
         <size>0x14</size>
         <input_file_ref idref="fl-4"/>
      </object_component>
      <object_component id="oc-3dd">
         <name>.text:_isr:__TI_ISR_TRAP</name>
         <load_address>0x4b02</load_address>
         <run_address>0x4b02</run_address>
         <size>0x8</size>
         <input_file_ref idref="fl-33"/>
      </object_component>
      <object_component id="oc-531">
         <name>.text:send_wub</name>
         <load_address>0x4b0a</load_address>
         <run_address>0x4b0a</run_address>
         <size>0x88</size>
         <input_file_ref idref="fl-2"/>
      </object_component>
      <object_component id="oc-674">
         <name>.text:__mspabi_fltuld</name>
         <load_address>0x4b92</load_address>
         <run_address>0x4b92</run_address>
         <size>0x80</size>
         <input_file_ref idref="fl-55"/>
      </object_component>
      <object_component id="oc-93f">
         <name>.text:ltoa</name>
         <load_address>0x4c12</load_address>
         <run_address>0x4c12</run_address>
         <size>0x80</size>
         <input_file_ref idref="fl-92"/>
      </object_component>
      <object_component id="oc-782">
         <name>.text:__TI_wrt_ok</name>
         <load_address>0x4c92</load_address>
         <run_address>0x4c92</run_address>
         <size>0x7e</size>
         <input_file_ref idref="fl-82"/>
      </object_component>
      <object_component id="oc-81f">
         <name>.text:_pconv_f</name>
         <load_address>0x4d10</load_address>
         <run_address>0x4d10</run_address>
         <size>0x78</size>
         <input_file_ref idref="fl-72"/>
      </object_component>
      <object_component id="oc-5bc">
         <name>.text:set_ook_mode</name>
         <load_address>0x4d88</load_address>
         <run_address>0x4d88</run_address>
         <size>0x78</size>
         <input_file_ref idref="fl-2"/>
      </object_component>
      <object_component id="oc-72">
         <name>.text:decompress:lzss:__TI_decompress_lzss</name>
         <load_address>0x4e00</load_address>
         <run_address>0x4e00</run_address>
         <size>0x76</size>
         <input_file_ref idref="fl-30"/>
      </object_component>
      <object_component id="oc-60b">
         <name>.text:sx1276_init</name>
         <load_address>0x4e76</load_address>
         <run_address>0x4e76</run_address>
         <size>0x76</size>
         <input_file_ref idref="fl-7"/>
      </object_component>
      <object_component id="oc-905">
         <name>.text:HOSTrename</name>
         <load_address>0x4eec</load_address>
         <run_address>0x4eec</run_address>
         <size>0x74</size>
         <input_file_ref idref="fl-8e"/>
      </object_component>
      <object_component id="oc-921">
         <name>.text:__TI_closefile</name>
         <load_address>0x4f60</load_address>
         <run_address>0x4f60</run_address>
         <size>0x74</size>
         <input_file_ref idref="fl-99"/>
      </object_component>
      <object_component id="oc-8e1">
         <name>.text:HOSTopen</name>
         <load_address>0x4fd4</load_address>
         <run_address>0x4fd4</run_address>
         <size>0x70</size>
         <input_file_ref idref="fl-8c"/>
      </object_component>
      <object_component id="oc-687">
         <name>.text:GetFskBandwidthRegValue</name>
         <load_address>0x5044</load_address>
         <run_address>0x5044</run_address>
         <size>0x6a</size>
         <input_file_ref idref="fl-7"/>
      </object_component>
      <object_component id="oc-8ed">
         <name>.text:HOSTread</name>
         <load_address>0x50ae</load_address>
         <run_address>0x50ae</run_address>
         <size>0x6a</size>
         <input_file_ref idref="fl-8d"/>
      </object_component>
      <object_component id="oc-7e3">
         <name>.text:fseek</name>
         <load_address>0x5118</load_address>
         <run_address>0x5118</run_address>
         <size>0x6a</size>
         <input_file_ref idref="fl-85"/>
      </object_component>
      <object_component id="oc-700">
         <name>.text:__mspabi_fixdul</name>
         <load_address>0x5182</load_address>
         <run_address>0x5182</run_address>
         <size>0x68</size>
         <input_file_ref idref="fl-51"/>
      </object_component>
      <object_component id="oc-939">
         <name>.text:__mspabi_fixdli</name>
         <load_address>0x51ea</load_address>
         <run_address>0x51ea</run_address>
         <size>0x66</size>
         <input_file_ref idref="fl-77"/>
      </object_component>
      <object_component id="oc-6aa">
         <name>.text:__TI_doflush</name>
         <load_address>0x5250</load_address>
         <run_address>0x5250</run_address>
         <size>0x64</size>
         <input_file_ref idref="fl-6f"/>
      </object_component>
      <object_component id="oc-794">
         <name>.text:atoi</name>
         <load_address>0x52b4</load_address>
         <run_address>0x52b4</run_address>
         <size>0x62</size>
         <input_file_ref idref="fl-7e"/>
      </object_component>
      <object_component id="oc-9a5">
         <name>.text:close</name>
         <load_address>0x5316</load_address>
         <run_address>0x5316</run_address>
         <size>0x5a</size>
         <input_file_ref idref="fl-9a"/>
      </object_component>
      <object_component id="oc-9f4">
         <name>.text:getdevice</name>
         <load_address>0x5370</load_address>
         <run_address>0x5370</run_address>
         <size>0x5a</size>
         <input_file_ref idref="fl-9d"/>
      </object_component>
      <object_component id="oc-5e6">
         <name>.text:fflush</name>
         <load_address>0x53ca</load_address>
         <run_address>0x53ca</run_address>
         <size>0x58</size>
         <input_file_ref idref="fl-6f"/>
      </object_component>
      <object_component id="oc-890">
         <name>.text</name>
         <load_address>0x5422</load_address>
         <run_address>0x5422</run_address>
         <size>0x58</size>
         <input_file_ref idref="fl-74"/>
      </object_component>
      <object_component id="oc-574">
         <name>.text:__TI_auto_init_nobinit_nopinit_hold_wdt:__TI_auto_init_nobinit_nopinit_hold_wdt</name>
         <load_address>0x547a</load_address>
         <run_address>0x547a</run_address>
         <size>0x54</size>
         <input_file_ref idref="fl-67"/>
      </object_component>
      <object_component id="oc-6b7">
         <name>.text:set_carrier_frequency</name>
         <load_address>0x54ce</load_address>
         <run_address>0x54ce</run_address>
         <size>0x54</size>
         <input_file_ref idref="fl-7"/>
      </object_component>
      <object_component id="oc-8e7">
         <name>.text:HOSTclose</name>
         <load_address>0x5522</load_address>
         <run_address>0x5522</run_address>
         <size>0x4e</size>
         <input_file_ref idref="fl-8a"/>
      </object_component>
      <object_component id="oc-8bd">
         <name>.text:_fcpy</name>
         <load_address>0x5570</load_address>
         <run_address>0x5570</run_address>
         <size>0x4e</size>
         <input_file_ref idref="fl-72"/>
      </object_component>
      <object_component id="oc-556">
         <name>.text:exit</name>
         <load_address>0x55be</load_address>
         <run_address>0x55be</run_address>
         <size>0x4a</size>
         <input_file_ref idref="fl-6c"/>
      </object_component>
      <object_component id="oc-5ed">
         <name>.text:init_spi</name>
         <load_address>0x5608</load_address>
         <run_address>0x5608</run_address>
         <size>0x4a</size>
         <input_file_ref idref="fl-6"/>
      </object_component>
      <object_component id="oc-5dd">
         <name>.text:printf</name>
         <load_address>0x5652</load_address>
         <run_address>0x5652</run_address>
         <size>0x4a</size>
         <input_file_ref idref="fl-71"/>
      </object_component>
      <object_component id="oc-8ff">
         <name>.text:HOSTunlink</name>
         <load_address>0x569c</load_address>
         <run_address>0x569c</run_address>
         <size>0x46</size>
         <input_file_ref idref="fl-8f"/>
      </object_component>
      <object_component id="oc-4b0">
         <name>.text:main</name>
         <load_address>0x56e2</load_address>
         <run_address>0x56e2</run_address>
         <size>0x46</size>
         <input_file_ref idref="fl-2"/>
      </object_component>
      <object_component id="oc-549">
         <name>.text:event_loop</name>
         <load_address>0x5728</load_address>
         <run_address>0x5728</run_address>
         <size>0x44</size>
         <input_file_ref idref="fl-3"/>
      </object_component>
      <object_component id="oc-66d">
         <name>.text:go_tx_mode</name>
         <load_address>0x576c</load_address>
         <run_address>0x576c</run_address>
         <size>0x44</size>
         <input_file_ref idref="fl-7"/>
      </object_component>
      <object_component id="oc-91a">
         <name>.text:minit</name>
         <load_address>0x57b0</load_address>
         <run_address>0x57b0</run_address>
         <size>0x42</size>
         <input_file_ref idref="fl-9b"/>
      </object_component>
      <object_component id="oc-481">
         <name>.text:go_sbtdby_mode</name>
         <load_address>0x57f2</load_address>
         <run_address>0x57f2</run_address>
         <size>0x40</size>
         <input_file_ref idref="fl-7"/>
      </object_component>
      <object_component id="oc-9b8">
         <name>.text</name>
         <load_address>0x5832</load_address>
         <run_address>0x5832</run_address>
         <size>0x40</size>
         <input_file_ref idref="fl-93"/>
      </object_component>
      <object_component id="oc-771">
         <name>.text:l_asr_const</name>
         <load_address>0x5872</load_address>
         <run_address>0x5872</run_address>
         <size>0x3e</size>
         <input_file_ref idref="fl-61"/>
      </object_component>
      <object_component id="oc-6e7">
         <name>.text:l_lsl_const</name>
         <load_address>0x58b0</load_address>
         <run_address>0x58b0</run_address>
         <size>0x3e</size>
         <input_file_ref idref="fl-60"/>
      </object_component>
      <object_component id="oc-6ec">
         <name>.text:l_lsr_const</name>
         <load_address>0x58ee</load_address>
         <run_address>0x58ee</run_address>
         <size>0x3e</size>
         <input_file_ref idref="fl-62"/>
      </object_component>
      <object_component id="oc-85d">
         <name>.text:lseek</name>
         <load_address>0x592c</load_address>
         <run_address>0x592c</run_address>
         <size>0x3e</size>
         <input_file_ref idref="fl-88"/>
      </object_component>
      <object_component id="oc-74e">
         <name>.text:write</name>
         <load_address>0x596a</load_address>
         <run_address>0x596a</run_address>
         <size>0x3c</size>
         <input_file_ref idref="fl-89"/>
      </object_component>
      <object_component id="oc-92c">
         <name>.text:__mspabi_sllll</name>
         <load_address>0x59a6</load_address>
         <run_address>0x59a6</run_address>
         <size>0x3a</size>
         <input_file_ref idref="fl-7b"/>
      </object_component>
      <object_component id="oc-89a">
         <name>.text:__mspabi_srlll</name>
         <load_address>0x59e0</load_address>
         <run_address>0x59e0</run_address>
         <size>0x3a</size>
         <input_file_ref idref="fl-63"/>
      </object_component>
      <object_component id="oc-871">
         <name>.text:__TI_cleanup</name>
         <load_address>0x5a1a</load_address>
         <run_address>0x5a1a</run_address>
         <size>0x36</size>
         <input_file_ref idref="fl-98"/>
      </object_component>
      <object_component id="oc-97f">
         <name>.text:__TI_writemsg</name>
         <load_address>0x5a50</load_address>
         <run_address>0x5a50</run_address>
         <size>0x36</size>
         <input_file_ref idref="fl-91"/>
      </object_component>
      <object_component id="oc-464">
         <name>.text:timer_cancel_one_shot</name>
         <load_address>0x5a86</load_address>
         <run_address>0x5a86</run_address>
         <size>0x36</size>
         <input_file_ref idref="fl-8"/>
      </object_component>
      <object_component id="oc-46a">
         <name>.text:spi_rcv_data</name>
         <load_address>0x5abc</load_address>
         <run_address>0x5abc</run_address>
         <size>0x34</size>
         <input_file_ref idref="fl-6"/>
      </object_component>
      <object_component id="oc-47b">
         <name>.text:spi_snd_data</name>
         <load_address>0x5af0</load_address>
         <run_address>0x5af0</run_address>
         <size>0x34</size>
         <input_file_ref idref="fl-6"/>
      </object_component>
      <object_component id="oc-985">
         <name>.text:__TI_readmsg</name>
         <load_address>0x5b24</load_address>
         <run_address>0x5b24</run_address>
         <size>0x32</size>
         <input_file_ref idref="fl-91"/>
      </object_component>
      <object_component id="oc-94b">
         <name>.text:__mspabi_subd</name>
         <load_address>0x5b56</load_address>
         <run_address>0x5b56</run_address>
         <size>0x32</size>
         <input_file_ref idref="fl-7c"/>
      </object_component>
      <object_component id="oc-a18">
         <name>.text:strncpy</name>
         <load_address>0x5b88</load_address>
         <run_address>0x5b88</run_address>
         <size>0x32</size>
         <input_file_ref idref="fl-a4"/>
      </object_component>
      <object_component id="oc-45a">
         <name>.text:event_signal</name>
         <load_address>0x5bba</load_address>
         <run_address>0x5bba</run_address>
         <size>0x30</size>
         <input_file_ref idref="fl-3"/>
      </object_component>
      <object_component id="oc-9ac">
         <name>.text:unlink</name>
         <load_address>0x5bea</load_address>
         <run_address>0x5bea</run_address>
         <size>0x30</size>
         <input_file_ref idref="fl-a6"/>
      </object_component>
      <object_component id="oc-813">
         <name>.text:__mspabi_negd</name>
         <load_address>0x5c1a</load_address>
         <run_address>0x5c1a</run_address>
         <size>0x2e</size>
         <input_file_ref idref="fl-7a"/>
      </object_component>
      <object_component id="oc-9d1">
         <name>.text:copysign</name>
         <load_address>0x5c48</load_address>
         <run_address>0x5c48</run_address>
         <size>0x2e</size>
         <input_file_ref idref="fl-87"/>
      </object_component>
      <object_component id="oc-a1e">
         <name>.text:finddevice</name>
         <load_address>0x5c76</load_address>
         <run_address>0x5c76</run_address>
         <size>0x2e</size>
         <input_file_ref idref="fl-9d"/>
      </object_component>
      <object_component id="oc-537">
         <name>.text:timer_set_periodic_event</name>
         <load_address>0x5ca4</load_address>
         <run_address>0x5ca4</run_address>
         <size>0x2e</size>
         <input_file_ref idref="fl-8"/>
      </object_component>
      <object_component id="oc-4c2">
         <name>.text:__mpu_init</name>
         <load_address>0x5cd2</load_address>
         <run_address>0x5cd2</run_address>
         <size>0x2c</size>
         <input_file_ref idref="fl-65"/>
      </object_component>
      <object_component id="oc-5a7">
         <name>.text:event_add</name>
         <load_address>0x5cfe</load_address>
         <run_address>0x5cfe</run_address>
         <size>0x2a</size>
         <input_file_ref idref="fl-3"/>
      </object_component>
      <object_component id="oc-951">
         <name>.text:__mspabi_fixdi</name>
         <load_address>0x5d28</load_address>
         <run_address>0x5d28</run_address>
         <size>0x28</size>
         <input_file_ref idref="fl-76"/>
      </object_component>
      <object_component id="oc-406">
         <name>.text:decompress:ZI:__TI_zero_init_nomemset:__TI_zero_init_nomemset</name>
         <load_address>0x5d50</load_address>
         <run_address>0x5d50</run_address>
         <size>0x24</size>
         <input_file_ref idref="fl-46"/>
      </object_component>
      <object_component id="oc-76c">
         <name>.text</name>
         <load_address>0x5d74</load_address>
         <run_address>0x5d74</run_address>
         <size>0x24</size>
         <input_file_ref idref="fl-5c"/>
      </object_component>
      <object_component id="oc-660">
         <name>.text:sx1276_sleep</name>
         <load_address>0x5d98</load_address>
         <run_address>0x5d98</run_address>
         <size>0x24</size>
         <input_file_ref idref="fl-7"/>
      </object_component>
      <object_component id="oc-53d">
         <name>.text:blinking</name>
         <load_address>0x5dbc</load_address>
         <run_address>0x5dbc</run_address>
         <size>0x1e</size>
         <input_file_ref idref="fl-2"/>
      </object_component>
      <object_component id="oc-7ae">
         <name>.text:memccpy</name>
         <load_address>0x5dda</load_address>
         <run_address>0x5dda</run_address>
         <size>0x1e</size>
         <input_file_ref idref="fl-94"/>
      </object_component>
      <object_component id="oc-96f">
         <name>.text:strchr</name>
         <load_address>0x5df8</load_address>
         <run_address>0x5df8</run_address>
         <size>0x1c</size>
         <input_file_ref idref="fl-a0"/>
      </object_component>
      <object_component id="oc-a43">
         <name>.text:strcmp</name>
         <load_address>0x5e14</load_address>
         <run_address>0x5e14</run_address>
         <size>0x1c</size>
         <input_file_ref idref="fl-a1"/>
      </object_component>
      <object_component id="oc-543">
         <name>.text:radio_init</name>
         <load_address>0x5e30</load_address>
         <run_address>0x5e30</run_address>
         <size>0x1a</size>
         <input_file_ref idref="fl-2"/>
      </object_component>
      <object_component id="oc-473">
         <name>.text</name>
         <load_address>0x5e4a</load_address>
         <run_address>0x5e4a</run_address>
         <size>0x18</size>
         <input_file_ref idref="fl-5a"/>
      </object_component>
      <object_component id="oc-666">
         <name>.text:sx1276_disable_sync_word</name>
         <load_address>0x5e62</load_address>
         <run_address>0x5e62</run_address>
         <size>0x18</size>
         <input_file_ref idref="fl-7"/>
      </object_component>
      <object_component id="oc-519">
         <name>.text:init_clock</name>
         <load_address>0x5e7a</load_address>
         <run_address>0x5e7a</run_address>
         <size>0x16</size>
         <input_file_ref idref="fl-2"/>
      </object_component>
      <object_component id="oc-788">
         <name>.text:memchr</name>
         <load_address>0x5e90</load_address>
         <run_address>0x5e90</run_address>
         <size>0x16</size>
         <input_file_ref idref="fl-95"/>
      </object_component>
      <object_component id="oc-79a">
         <name>.text:memset</name>
         <load_address>0x5ea6</load_address>
         <run_address>0x5ea6</run_address>
         <size>0x16</size>
         <input_file_ref idref="fl-96"/>
      </object_component>
      <object_component id="oc-895">
         <name>.text</name>
         <load_address>0x5ebc</load_address>
         <run_address>0x5ebc</run_address>
         <size>0x16</size>
         <input_file_ref idref="fl-4f"/>
      </object_component>
      <object_component id="oc-52b">
         <name>.text:srand</name>
         <load_address>0x5ed2</load_address>
         <run_address>0x5ed2</run_address>
         <size>0x16</size>
         <input_file_ref idref="fl-9f"/>
      </object_component>
      <object_component id="oc-7b6">
         <name>.text:wcslen</name>
         <load_address>0x5ee8</load_address>
         <run_address>0x5ee8</run_address>
         <size>0x16</size>
         <input_file_ref idref="fl-a7"/>
      </object_component>
      <object_component id="oc-3d0">
         <name>.text:memcpy</name>
         <load_address>0x5efe</load_address>
         <run_address>0x5efe</run_address>
         <size>0x14</size>
         <input_file_ref idref="fl-70"/>
      </object_component>
      <object_component id="oc-680">
         <name>.text:__mspabi_fixdu</name>
         <load_address>0x5f12</load_address>
         <run_address>0x5f12</run_address>
         <size>0x12</size>
         <input_file_ref idref="fl-50"/>
      </object_component>
      <object_component id="oc-78">
         <name>.text:decompress:none:__TI_decompress_none</name>
         <load_address>0x5f24</load_address>
         <run_address>0x5f24</run_address>
         <size>0x12</size>
         <input_file_ref idref="fl-31"/>
      </object_component>
      <object_component id="oc-996">
         <name>.text:strcpy</name>
         <load_address>0x5f36</load_address>
         <run_address>0x5f36</run_address>
         <size>0x12</size>
         <input_file_ref idref="fl-a2"/>
      </object_component>
      <object_component id="oc-80d">
         <name>.text:toupper</name>
         <load_address>0x5f48</load_address>
         <run_address>0x5f48</run_address>
         <size>0x12</size>
         <input_file_ref idref="fl-a5"/>
      </object_component>
      <object_component id="oc-a32">
         <name>.text:l_asr</name>
         <load_address>0x5f5a</load_address>
         <run_address>0x5f5a</run_address>
         <size>0x10</size>
         <input_file_ref idref="fl-61"/>
      </object_component>
      <object_component id="oc-a2d">
         <name>.text:l_lsl</name>
         <load_address>0x5f6a</load_address>
         <run_address>0x5f6a</run_address>
         <size>0x10</size>
         <input_file_ref idref="fl-60"/>
      </object_component>
      <object_component id="oc-77a">
         <name>.text:l_lsr</name>
         <load_address>0x5f7a</load_address>
         <run_address>0x5f7a</run_address>
         <size>0x10</size>
         <input_file_ref idref="fl-62"/>
      </object_component>
      <object_component id="oc-719">
         <name>.text:strlen</name>
         <load_address>0x5f8a</load_address>
         <run_address>0x5f8a</run_address>
         <size>0xe</size>
         <input_file_ref idref="fl-a3"/>
      </object_component>
      <object_component id="oc-975">
         <name>.text:__mspabi_fltid</name>
         <load_address>0x5f98</load_address>
         <run_address>0x5f98</run_address>
         <size>0xc</size>
         <input_file_ref idref="fl-78"/>
      </object_component>
      <object_component id="oc-958">
         <name>.text:abs</name>
         <load_address>0x5fa4</load_address>
         <run_address>0x5fa4</run_address>
         <size>0xa</size>
         <input_file_ref idref="fl-7d"/>
      </object_component>
      <object_component id="oc-5d5">
         <name>.text:event_set_handler</name>
         <load_address>0x5fae</load_address>
         <run_address>0x5fae</run_address>
         <size>0xa</size>
         <input_file_ref idref="fl-3"/>
      </object_component>
      <object_component id="oc-695">
         <name>.text:_outc</name>
         <load_address>0x5fb8</load_address>
         <run_address>0x5fb8</run_address>
         <size>0x6</size>
         <input_file_ref idref="fl-71"/>
      </object_component>
      <object_component id="oc-550">
         <name>.text:abort</name>
         <load_address>0x5fbe</load_address>
         <run_address>0x5fbe</run_address>
         <size>0x6</size>
         <input_file_ref idref="fl-6c"/>
      </object_component>
      <object_component id="oc-68f">
         <name>.text:_outs</name>
         <load_address>0x5fc4</load_address>
         <run_address>0x5fc4</run_address>
         <size>0x4</size>
         <input_file_ref idref="fl-71"/>
      </object_component>
      <object_component id="oc-4aa">
         <name>.text:_system_pre_init</name>
         <load_address>0x5fc8</load_address>
         <run_address>0x5fc8</run_address>
         <size>0x4</size>
         <input_file_ref idref="fl-6a"/>
      </object_component>
      <object_component id="oc-61f">
         <name>.text:_system_post_cinit</name>
         <load_address>0x5fcc</load_address>
         <run_address>0x5fcc</run_address>
         <size>0x2</size>
         <input_file_ref idref="fl-69"/>
      </object_component>
      <object_component id="oc-51f">
         <name>.text:event_init</name>
         <load_address>0x5fce</load_address>
         <run_address>0x5fce</run_address>
         <size>0x2</size>
         <input_file_ref idref="fl-3"/>
      </object_component>
      <object_component id="oc-5f3">
         <name>.text:local_packet_handler</name>
         <load_address>0x5fd0</load_address>
         <run_address>0x5fd0</run_address>
         <size>0x2</size>
         <input_file_ref idref="fl-2"/>
      </object_component>
      <object_component id="oc-605">
         <name>.text:radio_crc_error_handler</name>
         <load_address>0x5fd2</load_address>
         <run_address>0x5fd2</run_address>
         <size>0x2</size>
         <input_file_ref idref="fl-2"/>
      </object_component>
      <object_component id="oc-5ff">
         <name>.text:radio_timeout_handler</name>
         <load_address>0x5fd4</load_address>
         <run_address>0x5fd4</run_address>
         <size>0x2</size>
         <input_file_ref idref="fl-2"/>
      </object_component>
      <object_component id="oc-5f9">
         <name>.text:rx_packet_handler</name>
         <load_address>0x5fd6</load_address>
         <run_address>0x5fd6</run_address>
         <size>0x2</size>
         <input_file_ref idref="fl-2"/>
      </object_component>
      <object_component id="oc-6f3">
         <name>.text:__TI_frcdivd</name>
         <load_address>0x10000</load_address>
         <run_address>0x10000</run_address>
         <size>0x466</size>
         <input_file_ref idref="fl-4c"/>
      </object_component>
      <object_component id="oc-5ce">
         <name>.text:sx1276_set_rx_config</name>
         <load_address>0x10466</load_address>
         <run_address>0x10466</run_address>
         <size>0x38a</size>
         <input_file_ref idref="fl-7"/>
      </object_component>
      <object_component id="oc-5c8">
         <name>.text:sx1276_set_tx_config</name>
         <load_address>0x107f0</load_address>
         <run_address>0x107f0</run_address>
         <size>0x358</size>
         <input_file_ref idref="fl-7"/>
      </object_component>
      <object_component id="oc-88a">
         <name>.text:__mspabi_divull</name>
         <load_address>0x10b48</load_address>
         <run_address>0x10b48</run_address>
         <size>0x34e</size>
         <input_file_ref idref="fl-75"/>
      </object_component>
      <object_component id="oc-9c1">
         <name>.text:__mspabi_addd</name>
         <load_address>0x10e96</load_address>
         <run_address>0x10e96</run_address>
         <size>0x2e0</size>
         <input_file_ref idref="fl-47"/>
      </object_component>
      <object_component id="oc-69b">
         <name>.text:__TI_printfi</name>
         <load_address>0x11176</load_address>
         <run_address>0x11176</run_address>
         <size>0x2a6</size>
         <input_file_ref idref="fl-72"/>
      </object_component>
      <object_component id="oc-7d6">
         <name>.text:__TI_frcmpyd</name>
         <load_address>0x1141c</load_address>
         <run_address>0x1141c</run_address>
         <size>0x280</size>
         <input_file_ref idref="fl-57"/>
      </object_component>
      <object_component id="oc-725">
         <name>.text:_setfield</name>
         <load_address>0x1169c</load_address>
         <run_address>0x1169c</run_address>
         <size>0x27a</size>
         <input_file_ref idref="fl-72"/>
      </object_component>
      <object_component id="oc-758">
         <name>.text:__mspabi_mpyd</name>
         <load_address>0x11916</load_address>
         <run_address>0x11916</run_address>
         <size>0x266</size>
         <input_file_ref idref="fl-56"/>
      </object_component>
      <object_component id="oc-a03">
         <name>.text:__TI_frcaddd</name>
         <load_address>0x11b7c</load_address>
         <run_address>0x11b7c</run_address>
         <size>0x248</size>
         <input_file_ref idref="fl-48"/>
      </object_component>
      <object_component id="oc-8cb">
         <name>.text:acvt</name>
         <load_address>0x11dc4</load_address>
         <run_address>0x11dc4</run_address>
         <size>0x224</size>
         <input_file_ref idref="fl-72"/>
      </object_component>
      <object_component id="oc-67a">
         <name>.text:__mspabi_divd</name>
         <load_address>0x11fe8</load_address>
         <run_address>0x11fe8</run_address>
         <size>0x222</size>
         <input_file_ref idref="fl-4b"/>
      </object_component>
      <object_component id="oc-7a8">
         <name>.text:_pproc_fgea</name>
         <load_address>0x1220a</load_address>
         <run_address>0x1220a</run_address>
         <size>0x21c</size>
         <input_file_ref idref="fl-72"/>
      </object_component>
      <object_component id="oc-800">
         <name>.text:_getarg_diouxp</name>
         <load_address>0x12426</load_address>
         <run_address>0x12426</run_address>
         <size>0x20c</size>
         <input_file_ref idref="fl-72"/>
      </object_component>
      <object_component id="oc-8a4">
         <name>.text:ecvt</name>
         <load_address>0x12632</load_address>
         <run_address>0x12632</run_address>
         <size>0x1e6</size>
         <input_file_ref idref="fl-72"/>
      </object_component>
      <object_component id="oc-8b7">
         <name>.text:fcvt</name>
         <load_address>0x12818</load_address>
         <run_address>0x12818</run_address>
         <size>0x1c8</size>
         <input_file_ref idref="fl-72"/>
      </object_component>
      <object_component id="oc-825">
         <name>.text:_pconv_e</name>
         <load_address>0x129e0</load_address>
         <run_address>0x129e0</run_address>
         <size>0x1a2</size>
         <input_file_ref idref="fl-72"/>
      </object_component>
      <object_component id="oc-5c2">
         <name>.text:sx1276_tx_pkt</name>
         <load_address>0x12b82</load_address>
         <run_address>0x12b82</run_address>
         <size>0x172</size>
         <input_file_ref idref="fl-7"/>
      </object_component>
      <object_component id="oc-82b">
         <name>.text:_pconv_a</name>
         <load_address>0x12cf4</load_address>
         <run_address>0x12cf4</run_address>
         <size>0x170</size>
         <input_file_ref idref="fl-72"/>
      </object_component>
      <object_component id="oc-969">
         <name>.text:scalbn</name>
         <load_address>0x12e64</load_address>
         <run_address>0x12e64</run_address>
         <size>0x15a</size>
         <input_file_ref idref="fl-86"/>
      </object_component>
      <object_component id="oc-7a2">
         <name>.text:_pproc_diouxp</name>
         <load_address>0x12fbe</load_address>
         <run_address>0x12fbe</run_address>
         <size>0x148</size>
         <input_file_ref idref="fl-72"/>
      </object_component>
      <object_component id="oc-806">
         <name>.text:_ltostr</name>
         <load_address>0x13106</load_address>
         <run_address>0x13106</run_address>
         <size>0x128</size>
         <input_file_ref idref="fl-72"/>
      </object_component>
      <object_component id="oc-819">
         <name>.text:_pconv_g</name>
         <load_address>0x1322e</load_address>
         <run_address>0x1322e</run_address>
         <size>0xfc</size>
         <input_file_ref idref="fl-72"/>
      </object_component>
      <object_component id="oc-71f">
         <name>.text:_pproc_fwp</name>
         <load_address>0x1332a</load_address>
         <run_address>0x1332a</run_address>
         <size>0xfa</size>
         <input_file_ref idref="fl-72"/>
      </object_component>
      <object_component id="oc-525">
         <name>.text:timers_init</name>
         <load_address>0x13424</load_address>
         <run_address>0x13424</run_address>
         <size>0xf2</size>
         <input_file_ref idref="fl-8"/>
      </object_component>
      <object_component id="oc-70b">
         <name>.text:fputs</name>
         <load_address>0x13516</load_address>
         <run_address>0x13516</run_address>
         <size>0xf0</size>
         <input_file_ref idref="fl-83"/>
      </object_component>
      <object_component id="oc-6bd">
         <name>.text:perform_calibration</name>
         <load_address>0x13606</load_address>
         <run_address>0x13606</run_address>
         <size>0xde</size>
         <input_file_ref idref="fl-7"/>
      </object_component>
      <object_component id="oc-7e9">
         <name>.text:setvbuf</name>
         <load_address>0x136e4</load_address>
         <run_address>0x136e4</run_address>
         <size>0xde</size>
         <input_file_ref idref="fl-97"/>
      </object_component>
      <object_component id="oc-831">
         <name>.text:__mspabi_cmpd</name>
         <load_address>0x137c2</load_address>
         <run_address>0x137c2</run_address>
         <size>0xd8</size>
         <input_file_ref idref="fl-73"/>
      </object_component>
      <object_component id="oc-731">
         <name>.text:_pproc_wstr</name>
         <load_address>0x1389a</load_address>
         <run_address>0x1389a</run_address>
         <size>0xc8</size>
         <input_file_ref idref="fl-72"/>
      </object_component>
      <object_component id="oc-86b">
         <name>.text:malloc</name>
         <load_address>0x13962</load_address>
         <run_address>0x13962</run_address>
         <size>0xbc</size>
         <input_file_ref idref="fl-9b"/>
      </object_component>
      <object_component id="oc-a37">
         <name>.text:__TI_renormd</name>
         <load_address>0x13a1e</load_address>
         <run_address>0x13a1e</run_address>
         <size>0xb2</size>
         <input_file_ref idref="fl-49"/>
      </object_component>
      <object_component id="oc-72b">
         <name>.text:_pproc_str</name>
         <load_address>0x13ad0</load_address>
         <run_address>0x13ad0</run_address>
         <size>0xa6</size>
         <input_file_ref idref="fl-72"/>
      </object_component>
      <object_component id="oc-8c5">
         <name>.text:frexp</name>
         <load_address>0x13b76</load_address>
         <run_address>0x13b76</run_address>
         <size>0xa6</size>
         <input_file_ref idref="fl-84"/>
      </object_component>
      <object_component id="oc-945">
         <name>.text:__mspabi_fltlid</name>
         <load_address>0x13c1c</load_address>
         <run_address>0x13c1c</run_address>
         <size>0x9e</size>
         <input_file_ref idref="fl-79"/>
      </object_component>
      <object_component id="oc-8f9">
         <name>.text:HOSTlseek</name>
         <load_address>0x13cba</load_address>
         <run_address>0x13cba</run_address>
         <size>0x9a</size>
         <input_file_ref idref="fl-8b"/>
      </object_component>
      <object_component id="oc-8aa">
         <name>.text:_ecpy</name>
         <load_address>0x13d54</load_address>
         <run_address>0x13d54</run_address>
         <size>0x90</size>
         <input_file_ref idref="fl-72"/>
      </object_component>
      <object_component id="oc-8b0">
         <name>.text:_mcpy</name>
         <load_address>0x13de4</load_address>
         <run_address>0x13de4</run_address>
         <size>0x90</size>
         <input_file_ref idref="fl-72"/>
      </object_component>
      <object_component id="oc-712">
         <name>.text:fputc</name>
         <load_address>0x13e74</load_address>
         <run_address>0x13e74</run_address>
         <size>0x90</size>
         <input_file_ref idref="fl-81"/>
      </object_component>
      <object_component id="oc-865">
         <name>.text:free</name>
         <load_address>0x13f04</load_address>
         <run_address>0x13f04</run_address>
         <size>0x8e</size>
         <input_file_ref idref="fl-9b"/>
      </object_component>
      <object_component id="oc-8f3">
         <name>.text:HOSTwrite</name>
         <load_address>0x13f92</load_address>
         <run_address>0x13f92</run_address>
         <size>0x6c</size>
         <input_file_ref idref="fl-90"/>
      </object_component>
      <object_component id="oc-64f">
         <name>.text:_nop</name>
         <load_address>0x13ffe</load_address>
         <run_address>0x13ffe</run_address>
         <size>0x2</size>
         <input_file_ref idref="fl-6e"/>
      </object_component>
      <object_component id="oc-4de">
         <name>.bss:_events</name>
         <uninitialized>true</uninitialized>
         <run_address>0x1c00</run_address>
         <size>0xc8</size>
         <input_file_ref idref="fl-3"/>
      </object_component>
      <object_component id="oc-4e4">
         <name>.bss:_pending_events</name>
         <uninitialized>true</uninitialized>
         <run_address>0x1e16</run_address>
         <size>0x32</size>
         <input_file_ref idref="fl-3"/>
      </object_component>
      <object_component id="oc-494">
         <name>.bss</name>
         <uninitialized>true</uninitialized>
         <run_address>0x1e6e</run_address>
         <size>0x3</size>
         <input_file_ref idref="fl-4"/>
      </object_component>
      <object_component id="oc-457">
         <name>.bss</name>
         <uninitialized>true</uninitialized>
         <run_address>0x1e72</run_address>
         <size>0x2</size>
         <input_file_ref idref="fl-5"/>
      </object_component>
      <object_component id="oc-461">
         <name>.bss</name>
         <uninitialized>true</uninitialized>
         <run_address>0x1e48</run_address>
         <size>0x14</size>
         <input_file_ref idref="fl-7"/>
      </object_component>
      <object_component id="oc-490">
         <name>.bss</name>
         <uninitialized>true</uninitialized>
         <run_address>0x1e74</run_address>
         <size>0x2</size>
         <input_file_ref idref="fl-8"/>
      </object_component>
      <object_component id="oc-498">
         <name>.bss:_one_shot_timers</name>
         <uninitialized>true</uninitialized>
         <run_address>0x1dc2</run_address>
         <size>0x54</size>
         <input_file_ref idref="fl-8"/>
      </object_component>
      <object_component id="oc-913">
         <name>.bss</name>
         <uninitialized>true</uninitialized>
         <run_address>0x1e5c</run_address>
         <size>0xa</size>
         <input_file_ref idref="fl-9b"/>
      </object_component>
      <object_component id="oc-478">
         <name>.common:sx1276_rx_fifo</name>
         <uninitialized>true</uninitialized>
         <run_address>0x1d68</run_address>
         <size>0x5a</size>
      </object_component>
      <object_component id="oc-9ab">
         <name>.common:__TI_tmpnams</name>
         <uninitialized>true</uninitialized>
         <run_address>0x1cc8</run_address>
         <size>0xa0</size>
      </object_component>
      <object_component id="oc-97c">
         <name>.common:parmbuf</name>
         <uninitialized>true</uninitialized>
         <run_address>0x1e66</run_address>
         <size>0x8</size>
      </object_component>
      <object_component id="oc-4e1">
         <name>.data</name>
         <load_address>0x1ff2</load_address>
         <run_address>0x1ff2</run_address>
         <size>0x6</size>
         <input_file_ref idref="fl-3"/>
      </object_component>
      <object_component id="oc-470">
         <name>.data</name>
         <load_address>0x200c</load_address>
         <run_address>0x200c</run_address>
         <size>0x4</size>
         <input_file_ref idref="fl-7"/>
      </object_component>
      <object_component id="oc-48d">
         <name>.data</name>
         <load_address>0x2018</load_address>
         <run_address>0x2018</run_address>
         <size>0x2</size>
         <input_file_ref idref="fl-8"/>
      </object_component>
      <object_component id="oc-5e3">
         <name>.data:_ftable</name>
         <load_address>0x1e76</load_address>
         <run_address>0x1e76</run_address>
         <size>0xc8</size>
         <input_file_ref idref="fl-68"/>
      </object_component>
      <object_component id="oc-6a7">
         <name>.data</name>
         <load_address>0x2010</load_address>
         <run_address>0x2010</run_address>
         <size>0x2</size>
         <input_file_ref idref="fl-68"/>
      </object_component>
      <object_component id="oc-614">
         <name>.data</name>
         <load_address>0x2014</load_address>
         <run_address>0x2014</run_address>
         <size>0x2</size>
         <input_file_ref idref="fl-6c"/>
      </object_component>
      <object_component id="oc-61a">
         <name>.data:__TI_cleanup_ptr</name>
         <load_address>0x1ff8</load_address>
         <run_address>0x1ff8</run_address>
         <size>0x4</size>
         <input_file_ref idref="fl-6d"/>
      </object_component>
      <object_component id="oc-617">
         <name>.data:__TI_dtors_ptr</name>
         <load_address>0x1ffc</load_address>
         <run_address>0x1ffc</run_address>
         <size>0x4</size>
         <input_file_ref idref="fl-6d"/>
      </object_component>
      <object_component id="oc-5ae">
         <name>.data:_lock</name>
         <load_address>0x2000</load_address>
         <run_address>0x2000</run_address>
         <size>0x4</size>
         <input_file_ref idref="fl-6e"/>
      </object_component>
      <object_component id="oc-5b4">
         <name>.data:_unlock</name>
         <load_address>0x2004</load_address>
         <run_address>0x2004</run_address>
         <size>0x4</size>
         <input_file_ref idref="fl-6e"/>
      </object_component>
      <object_component id="oc-7bc">
         <name>.data</name>
         <load_address>0x2012</load_address>
         <run_address>0x2012</run_address>
         <size>0x2</size>
         <input_file_ref idref="fl-80"/>
      </object_component>
      <object_component id="oc-848">
         <name>.data:_device</name>
         <load_address>0x1f3e</load_address>
         <run_address>0x1f3e</run_address>
         <size>0x78</size>
         <input_file_ref idref="fl-89"/>
      </object_component>
      <object_component id="oc-7d1">
         <name>.data:_stream</name>
         <load_address>0x1fb6</load_address>
         <run_address>0x1fb6</run_address>
         <size>0x3c</size>
         <input_file_ref idref="fl-89"/>
      </object_component>
      <object_component id="oc-917">
         <name>.data</name>
         <load_address>0x2016</load_address>
         <run_address>0x2016</run_address>
         <size>0x2</size>
         <input_file_ref idref="fl-9b"/>
      </object_component>
      <object_component id="oc-5b1">
         <name>.data</name>
         <load_address>0x2008</load_address>
         <run_address>0x2008</run_address>
         <size>0x4</size>
         <input_file_ref idref="fl-9f"/>
      </object_component>
      <object_component id="oc-3be">
         <name>.stack</name>
         <uninitialized>true</uninitialized>
         <run_address>0x2360</run_address>
         <size>0x4</size>
         <input_file_ref idref="fl-64"/>
      </object_component>
      <object_component id="oc-ac9">
         <name>.stack</name>
         <uninitialized>true</uninitialized>
         <run_address>0x2360</run_address>
         <size>0x0</size>
      </object_component>
      <object_component id="oc-7e">
         <name>.int30</name>
[...]
         <value>0x58c0</value>
         <object_component_ref idref="oc-6e7"/>
      </symbol>
      <symbol id="sm-7af">
         <name>__mspabi_slll_10</name>
         <value>0x58c4</value>
         <object_component_ref idref="oc-6e7"/>
      </symbol>
      <symbol id="sm-7bf">
         <name>__mspabi_sral</name>
         <value>0x5f5a</value>
         <object_component_ref idref="oc-a32"/>
      </symbol>
      <symbol id="sm-7c0">
         <name>__mspabi_sral_15</name>
         <value>0x5872</value>
         <object_component_ref idref="oc-771"/>
      </symbol>
      <symbol id="sm-7c1">
         <name>__mspabi_sral_14</name>
         <value>0x5876</value>
         <object_component_ref idref="oc-771"/>
      </symbol>
      <symbol id="sm-7c2">
         <name>__mspabi_sral_13</name>
         <value>0x587a</value>
         <object_component_ref idref="oc-771"/>
      </symbol>
      <symbol id="sm-7c3">
         <name>__mspabi_sral_12</name>
         <value>0x587e</value>
         <object_component_ref idref="oc-771"/>
      </symbol>
      <symbol id="sm-7c4">
         <name>__mspabi_sral_11</name>
         <value>0x5882</value>
         <object_component_ref idref="oc-771"/>
      </symbol>
      <symbol id="sm-7c5">
         <name>__mspabi_sral_10</name>
         <value>0x5886</value>
         <object_component_ref idref="oc-771"/>
      </symbol>
      <symbol id="sm-7c6">
         <name>__mspabi_sral_8</name>
         <value>0x588e</value>
         <object_component_ref idref="oc-771"/>
      </symbol>
      <symbol id="sm-7c7">
         <name>__mspabi_sral_9</name>
         <value>0x588a</value>
         <object_component_ref idref="oc-771"/>
      </symbol>
      <symbol id="sm-7c8">
         <name>__mspabi_sral_6</name>
         <value>0x5896</value>
         <object_component_ref idref="oc-771"/>
      </symbol>
      <symbol id="sm-7c9">
         <name>__mspabi_sral_7</name>
         <value>0x5892</value>
         <object_component_ref idref="oc-771"/>
      </symbol>
      <symbol id="sm-7ca">
         <name>__mspabi_sral_4</name>
         <value>0x589e</value>
         <object_component_ref idref="oc-771"/>
      </symbol>
      <symbol id="sm-7cb">
         <name>__mspabi_sral_5</name>
         <value>0x589a</value>
         <object_component_ref idref="oc-771"/>
      </symbol>
      <symbol id="sm-7cc">
         <name>__mspabi_sral_2</name>
         <value>0x58a6</value>
         <object_component_ref idref="oc-771"/>
      </symbol>
      <symbol id="sm-7cd">
         <name>__mspabi_sral_3</name>
         <value>0x58a2</value>
         <object_component_ref idref="oc-771"/>
      </symbol>
      <symbol id="sm-7ce">
         <name>__mspabi_sral_1</name>
         <value>0x58aa</value>
         <object_component_ref idref="oc-771"/>
      </symbol>
      <symbol id="sm-7de">
         <name>__mspabi_srll_8</name>
         <value>0x590a</value>
         <object_component_ref idref="oc-6ec"/>
      </symbol>
      <symbol id="sm-7df">
         <name>__mspabi_srll_9</name>
         <value>0x5906</value>
         <object_component_ref idref="oc-6ec"/>
      </symbol>
      <symbol id="sm-7e0">
         <name>__mspabi_srll_6</name>
         <value>0x5912</value>
         <object_component_ref idref="oc-6ec"/>
      </symbol>
      <symbol id="sm-7e1">
         <name>__mspabi_srll_7</name>
         <value>0x590e</value>
         <object_component_ref idref="oc-6ec"/>
      </symbol>
      <symbol id="sm-7e2">
         <name>__mspabi_srll_4</name>
         <value>0x591a</value>
         <object_component_ref idref="oc-6ec"/>
      </symbol>
      <symbol id="sm-7e3">
         <name>__mspabi_srll_5</name>
         <value>0x5916</value>
         <object_component_ref idref="oc-6ec"/>
      </symbol>
      <symbol id="sm-7e4">
         <name>__mspabi_srll_2</name>
         <value>0x5922</value>
         <object_component_ref idref="oc-6ec"/>
      </symbol>
      <symbol id="sm-7e5">
         <name>__mspabi_srll_3</name>
         <value>0x591e</value>
         <object_component_ref idref="oc-6ec"/>
      </symbol>
      <symbol id="sm-7e6">
         <name>__mspabi_srll_1</name>
         <value>0x5926</value>
         <object_component_ref idref="oc-6ec"/>
      </symbol>
      <symbol id="sm-7e7">
         <name>__mspabi_srll_15</name>
         <value>0x58ee</value>
         <object_component_ref idref="oc-6ec"/>
      </symbol>
      <symbol id="sm-7e8">
         <name>__mspabi_srll_14</name>
         <value>0x58f2</value>
         <object_component_ref idref="oc-6ec"/>
      </symbol>
      <symbol id="sm-7e9">
         <name>__mspabi_srll_13</name>
         <value>0x58f6</value>
         <object_component_ref idref="oc-6ec"/>
      </symbol>
      <symbol id="sm-7ea">
         <name>__mspabi_srll_12</name>
         <value>0x58fa</value>
         <object_component_ref idref="oc-6ec"/>
      </symbol>
      <symbol id="sm-7eb">
         <name>__mspabi_srll_11</name>
         <value>0x58fe</value>
         <object_component_ref idref="oc-6ec"/>
      </symbol>
      <symbol id="sm-7ec">
         <name>__mspabi_srll_10</name>
         <value>0x5902</value>
         <object_component_ref idref="oc-6ec"/>
      </symbol>
      <symbol id="sm-7ed">
         <name>__mspabi_srll</name>
         <value>0x5f7a</value>
         <object_component_ref idref="oc-77a"/>
      </symbol>
      <symbol id="sm-7fa">
         <name>__mspabi_srlll</name>
         <value>0x59e0</value>
         <object_component_ref idref="oc-89a"/>
      </symbol>
      <symbol id="sm-80a">
         <name>_c_int00_noargs_mpu</name>
         <value>0x4ab0</value>
         <object_component_ref idref="oc-430"/>
      </symbol>
      <symbol id="sm-80b">
         <name>_stack</name>
         <value>0x2360</value>
         <object_component_ref idref="oc-3be"/>
      </symbol>
      <symbol id="sm-80c">
         <name>_reset_vector</name>
         <value>0xfffe</value>
         <object_component_ref idref="oc-3c1"/>
      </symbol>
      <symbol id="sm-815">
         <name>__mpu_init</name>
         <value>0x5cd2</value>
         <object_component_ref idref="oc-4c2"/>
      </symbol>
      <symbol id="sm-839">
         <name>__TI_auto_init_nobinit_nopinit_hold_wdt</name>
         <value>0x547a</value>
         <object_component_ref idref="oc-574"/>
      </symbol>
      <symbol id="sm-84e">
         <name>__TI_tmpnams</name>
         <value>0x1cc8</value>
      </symbol>
      <symbol id="sm-84f">
         <name>_ftable</name>
         <value>0x1e76</value>
         <object_component_ref idref="oc-5e3"/>
      </symbol>
      <symbol id="sm-850">
         <name>__TI_ft_end</name>
         <value>0x2010</value>
         <object_component_ref idref="oc-6a7"/>
      </symbol>
      <symbol id="sm-859">
         <name>_system_post_cinit</name>
         <value>0x5fcc</value>
         <object_component_ref idref="oc-61f"/>
      </symbol>
      <symbol id="sm-862">
         <name>_system_pre_init</name>
         <value>0x5fc8</value>
         <object_component_ref idref="oc-4aa"/>
      </symbol>
      <symbol id="sm-885">
         <name>C$$EXIT</name>
         <value>0x5fbe</value>
         <object_component_ref idref="oc-550"/>
      </symbol>
      <symbol id="sm-886">
         <name>abort</name>
         <value>0x5fbe</value>
         <object_component_ref idref="oc-550"/>
      </symbol>
      <symbol id="sm-887">
         <name>__TI_enable_exit_profile_output</name>
         <value>0x2014</value>
         <object_component_ref idref="oc-614"/>
      </symbol>
      <symbol id="sm-888">
         <name>exit</name>
         <value>0x55be</value>
         <object_component_ref idref="oc-556"/>
      </symbol>
      <symbol id="sm-897">
         <name>__TI_dtors_ptr</name>
         <value>0x1ffc</value>
         <object_component_ref idref="oc-617"/>
      </symbol>
      <symbol id="sm-898">
         <name>__TI_cleanup_ptr</name>
         <value>0x1ff8</value>
         <object_component_ref idref="oc-61a"/>
      </symbol>
      <symbol id="sm-8ae">
         <name>_nop</name>
         <value>0x13ffe</value>
         <object_component_ref idref="oc-64f"/>
      </symbol>
      <symbol id="sm-8af">
         <name>_lock</name>
         <value>0x2000</value>
         <object_component_ref idref="oc-5ae"/>
      </symbol>
      <symbol id="sm-8b0">
         <name>_unlock</name>
         <value>0x2004</value>
         <object_component_ref idref="oc-5b4"/>
      </symbol>
      <symbol id="sm-8cc">
         <name>__TI_doflush</name>
         <value>0x5250</value>
         <object_component_ref idref="oc-6aa"/>
      </symbol>
      <symbol id="sm-8cd">
         <name>fflush</name>
         <value>0x53ca</value>
         <object_component_ref idref="oc-5e6"/>
      </symbol>
      <symbol id="sm-8db">
         <name>memcpy</name>
         <value>0x5efe</value>
         <object_component_ref idref="oc-3d0"/>
      </symbol>
      <symbol id="sm-8f9">
         <name>printf</name>
         <value>0x5652</value>
         <object_component_ref idref="oc-5dd"/>
      </symbol>
      <symbol id="sm-acf">
         <name>__TI_printfi</name>
         <value>0x11176</value>
         <object_component_ref idref="oc-69b"/>
      </symbol>
      <symbol id="sm-ae9">
         <name>__mspabi_cmpd</name>
         <value>0x137c2</value>
         <object_component_ref idref="oc-831"/>
      </symbol>
      <symbol id="sm-af7">
         <name>__mspabi_remul</name>
         <value>0x5422</value>
         <object_component_ref idref="oc-890"/>
      </symbol>
      <symbol id="sm-af8">
         <name>__mspabi_divul</name>
         <value>0x5422</value>
         <object_component_ref idref="oc-890"/>
      </symbol>
      <symbol id="sm-b2b">
         <name>__mspabi_divull</name>
         <value>0x10b48</value>
         <object_component_ref idref="oc-88a"/>
      </symbol>
      <symbol id="sm-b38">
         <name>__mspabi_fixdi</name>
         <value>0x5d28</value>
         <object_component_ref idref="oc-951"/>
      </symbol>
      <symbol id="sm-b47">
         <name>__mspabi_fixdli</name>
         <value>0x51ea</value>
         <object_component_ref idref="oc-939"/>
      </symbol>
      <symbol id="sm-b50">
         <name>__mspabi_fltid</name>
         <value>0x5f98</value>
         <object_component_ref idref="oc-975"/>
      </symbol>
      <symbol id="sm-b68">
         <name>__mspabi_fltlid</name>
         <value>0x13c1c</value>
         <object_component_ref idref="oc-945"/>
      </symbol>
      <symbol id="sm-b71">
         <name>__mspabi_negd</name>
         <value>0x5c1a</value>
         <object_component_ref idref="oc-813"/>
      </symbol>
      <symbol id="sm-b7e">
         <name>__mspabi_sllll</name>
         <value>0x59a6</value>
         <object_component_ref idref="oc-92c"/>
      </symbol>
      <symbol id="sm-b87">
         <name>__mspabi_subd</name>
         <value>0x5b56</value>
         <object_component_ref idref="oc-94b"/>
      </symbol>
      <symbol id="sm-b91">
         <name>abs</name>
         <value>0x5fa4</value>
         <object_component_ref idref="oc-958"/>
      </symbol>
      <symbol id="sm-ba4">
         <name>atoi</name>
         <value>0x52b4</value>
         <object_component_ref idref="oc-794"/>
      </symbol>
      <symbol id="sm-bae">
         <name>_ctypes_</name>
         <value>0x5fd8</value>
         <object_component_ref idref="oc-7f9"/>
      </symbol>
      <symbol id="sm-bb5">
         <name>errno</name>
         <value>0x2012</value>
         <object_component_ref idref="oc-7bc"/>
      </symbol>
      <symbol id="sm-bc8">
         <name>putc</name>
         <value>0x13e74</value>
         <object_component_ref idref="oc-712"/>
      </symbol>
      <symbol id="sm-bc9">
         <name>fputc</name>
         <value>0x13e74</value>
         <object_component_ref idref="oc-712"/>
      </symbol>
      <symbol id="sm-be1">
         <name>__TI_wrt_ok</name>
         <value>0x4c92</value>
         <object_component_ref idref="oc-782"/>
      </symbol>
      <symbol id="sm-bf9">
         <name>fputs</name>
         <value>0x13516</value>
         <object_component_ref idref="oc-70b"/>
      </symbol>
      <symbol id="sm-c15">
         <name>frexpl</name>
         <value>0x13b76</value>
         <object_component_ref idref="oc-8c5"/>
      </symbol>
      <symbol id="sm-c16">
         <name>frexp</name>
         <value>0x13b76</value>
         <object_component_ref idref="oc-8c5"/>
      </symbol>
      <symbol id="sm-c2b">
         <name>fseek</name>
         <value>0x5118</value>
         <object_component_ref idref="oc-7e3"/>
      </symbol>
      <symbol id="sm-c44">
         <name>scalbn</name>
         <value>0x12e64</value>
         <object_component_ref idref="oc-969"/>
      </symbol>
      <symbol id="sm-c45">
         <name>scalbnl</name>
         <value>0x12e64</value>
         <object_component_ref idref="oc-969"/>
      </symbol>
      <symbol id="sm-c46">
         <name>ldexpl</name>
         <value>0x12e64</value>
         <object_component_ref idref="oc-969"/>
      </symbol>
      <symbol id="sm-c47">
         <name>ldexp</name>
         <value>0x12e64</value>
         <object_component_ref idref="oc-969"/>
      </symbol>
      <symbol id="sm-c50">
         <name>copysign</name>
         <value>0x5c48</value>
         <object_component_ref idref="oc-9d1"/>
      </symbol>
      <symbol id="sm-c51">
         <name>copysignl</name>
         <value>0x5c48</value>
         <object_component_ref idref="oc-9d1"/>
      </symbol>
      <symbol id="sm-c64">
         <name>lseek</name>
         <value>0x592c</value>
         <object_component_ref idref="oc-85d"/>
      </symbol>
      <symbol id="sm-c7c">
         <name>_stream</name>
         <value>0x1fb6</value>
         <object_component_ref idref="oc-7d1"/>
      </symbol>
      <symbol id="sm-c7d">
         <name>_device</name>
         <value>0x1f3e</value>
         <object_component_ref idref="oc-848"/>
      </symbol>
      <symbol id="sm-c7e">
         <name>write</name>
         <value>0x596a</value>
         <object_component_ref idref="oc-74e"/>
      </symbol>
      <symbol id="sm-c8a">
         <name>HOSTclose</name>
         <value>0x5522</value>
         <object_component_ref idref="oc-8e7"/>
      </symbol>
      <symbol id="sm-c96">
         <name>HOSTlseek</name>
         <value>0x13cba</value>
         <object_component_ref idref="oc-8f9"/>
      </symbol>
      <symbol id="sm-ca4">
         <name>parmbuf</name>
         <value>0x1e66</value>
      </symbol>
      <symbol id="sm-ca5">
         <name>HOSTopen</name>
         <value>0x4fd4</value>
         <object_component_ref idref="oc-8e1"/>
      </symbol>
      <symbol id="sm-cb2">
         <name>HOSTread</name>
         <value>0x50ae</value>
         <object_component_ref idref="oc-8ed"/>
      </symbol>
      <symbol id="sm-cbe">
         <name>HOSTrename</name>
         <value>0x4eec</value>
         <object_component_ref idref="oc-905"/>
      </symbol>
      <symbol id="sm-cca">
         <name>HOSTunlink</name>
         <value>0x569c</value>
         <object_component_ref idref="oc-8ff"/>
      </symbol>
      <symbol id="sm-cd7">
         <name>HOSTwrite</name>
         <value>0x13f92</value>
         <object_component_ref idref="oc-8f3"/>
      </symbol>
      <symbol id="sm-cf5">
         <name>__TI_readmsg</name>
         <value>0x5b24</value>
         <object_component_ref idref="oc-985"/>
      </symbol>
      <symbol id="sm-cf6">
         <name>C$$IO$$</name>
         <value>0x5a82</value>
         <object_component_ref idref="oc-97f"/>
      </symbol>
      <symbol id="sm-cf7">
         <name>_CIOBUF_</name>
         <value>0x4400</value>
         <object_component_ref idref="oc-9de"/>
      </symbol>
      <symbol id="sm-cf8">
         <name>__TI_writemsg</name>
         <value>0x5a50</value>
         <object_component_ref idref="oc-97f"/>
      </symbol>
      <symbol id="sm-d07">
         <name>ltoa</name>
         <value>0x4c12</value>
         <object_component_ref idref="oc-93f"/>
      </symbol>
      <symbol id="sm-d13">
         <name>__mspabi_remli</name>
         <value>0x5832</value>
         <object_component_ref idref="oc-9b8"/>
      </symbol>
      <symbol id="sm-d14">
         <name>__mspabi_divli</name>
         <value>0x5832</value>
         <object_component_ref idref="oc-9b8"/>
      </symbol>
      <symbol id="sm-d23">
         <name>memccpy</name>
         <value>0x5dda</value>
         <object_component_ref idref="oc-7ae"/>
      </symbol>
      <symbol id="sm-d32">
         <name>memchr</name>
         <value>0x5e90</value>
         <object_component_ref idref="oc-788"/>
      </symbol>
      <symbol id="sm-d40">
         <name>memset</name>
         <value>0x5ea6</value>
         <object_component_ref idref="oc-79a"/>
      </symbol>
      <symbol id="sm-d58">
         <name>setvbuf</name>
         <value>0x136e4</value>
         <object_component_ref idref="oc-7e9"/>
      </symbol>
      <symbol id="sm-d64">
         <name>__TI_cleanup</name>
         <value>0x5a1a</value>
         <object_component_ref idref="oc-871"/>
      </symbol>
      <symbol id="sm-d75">
         <name>__TI_closefile</name>
         <value>0x4f60</value>
         <object_component_ref idref="oc-921"/>
      </symbol>
      <symbol id="sm-d87">
         <name>close</name>
         <value>0x5316</value>
         <object_component_ref idref="oc-9a5"/>
      </symbol>
      <symbol id="sm-dd6">
         <name>_sys_memory</name>
         <value>0x4520</value>
         <object_component_ref idref="oc-3c2"/>
      </symbol>
      <symbol id="sm-dd7">
         <name>free</name>
         <value>0x13f04</value>
         <object_component_ref idref="oc-865"/>
      </symbol>
      <symbol id="sm-dd8">
         <name>malloc</name>
         <value>0x13962</value>
         <object_component_ref idref="oc-86b"/>
      </symbol>
      <symbol id="sm-dd9">
         <name>minit</name>
         <value>0x57b0</value>
         <object_component_ref idref="oc-91a"/>
      </symbol>
      <symbol id="sm-df9">
         <name>finddevice</name>
         <value>0x5c76</value>
         <object_component_ref idref="oc-a1e"/>
      </symbol>
      <symbol id="sm-dfa">
         <name>getdevice</name>
         <value>0x5370</value>
         <object_component_ref idref="oc-9f4"/>
      </symbol>
      <symbol id="sm-e0d">
         <name>srand</name>
         <value>0x5ed2</value>
         <object_component_ref idref="oc-52b"/>
      </symbol>
      <symbol id="sm-e1c">
         <name>strchr</name>
         <value>0x5df8</value>
         <object_component_ref idref="oc-96f"/>
      </symbol>
      <symbol id="sm-e2a">
         <name>strcmp</name>
         <value>0x5e14</value>
         <object_component_ref idref="oc-a43"/>
      </symbol>
      <symbol id="sm-e37">
         <name>strcpy</name>
         <value>0x5f36</value>
         <object_component_ref idref="oc-996"/>
      </symbol>
      <symbol id="sm-e44">
         <name>strlen</name>
         <value>0x5f8a</value>
         <object_component_ref idref="oc-719"/>
      </symbol>
      <symbol id="sm-e54">
         <name>strncpy</name>
         <value>0x5b88</value>
         <object_component_ref idref="oc-a18"/>
      </symbol>
      <symbol id="sm-e61">
         <name>toupper</name>
         <value>0x5f48</value>
         <object_component_ref idref="oc-80d"/>
      </symbol>
      <symbol id="sm-e6d">
         <name>unlink</name>
         <value>0x5bea</value>
         <object_component_ref idref="oc-9ac"/>
      </symbol>
      <symbol id="sm-e85">
         <name>wcslen</name>
         <value>0x5ee8</value>
         <object_component_ref idref="oc-7b6"/>
      </symbol>
      <symbol id="sm-e8a">
         <name>remove</name>
         <value>0x5bea</value>
      </symbol>
   </symbol_table>
   <title>Link successful</title>
</link_info>
